// Vitest Snapshot v1, https://vitest.dev/guide/snapshot.html

exports[`capitalism and market-economy evidence ledger > freezes every statement, citation tuple, source record, case slot, and concept relationship 1`] = `
{
  "cases": [
    {
      "conditionStatementIds": [],
      "description": "A bounded case for comparing Brenner’s agrarian-class explanation with the historical dispute it prompted.",
      "endDate": {
        "certainty": "approximate",
        "note": "A conventional upper bound before industrialization.",
        "year": 1750,
      },
      "episodeIds": [
        "english-agrarian-transformation-1450-1750",
      ],
      "externalRefs": [
        {
          "checkedAt": "2026-09-06",
          "language": "en",
          "purpose": "orientation",
          "system": "wikipedia",
          "url": "https://en.wikipedia.org/wiki/British_Agricultural_Revolution",
        },
      ],
      "id": "english-agrarian-market-dependence",
      "kind": "case",
      "label": "Agrarian change in England, c. 1450–1750",
      "locationIds": [
        "agrarian-england",
      ],
      "publicationStatus": "reviewed",
      "scope": "Agrarian England from approximately 1450 to 1750; not Britain’s whole economy, a single-origin account, or a universal transition sequence.",
      "selectionRationale": "The case preserves a prominent explanation of agrarian development together with disagreement about that explanation.",
      "startDate": {
        "certainty": "approximate",
        "note": "A conventional lower bound for the long agrarian transformation.",
        "year": 1450,
      },
    },
    {
      "caseId": "english-agrarian-market-dependence",
      "conditionStatementIds": [],
      "description": "An analytically bounded period for Brenner’s account of English agrarian development.",
      "endDate": {
        "certainty": "approximate",
        "note": "A conventional endpoint before industrialization.",
        "year": 1750,
      },
      "externalRefs": [
        {
          "checkedAt": "2026-09-06",
          "language": "en",
          "purpose": "orientation",
          "system": "wikipedia",
          "url": "https://en.wikipedia.org/wiki/British_Agricultural_Revolution",
        },
      ],
      "formalRuleStatementIds": [],
      "id": "english-agrarian-transformation-1450-1750",
      "interactionStatementIds": [],
      "kind": "case-episode",
      "label": "English agrarian change, c. 1450–1750",
      "locationIds": [
        "agrarian-england",
      ],
      "outcomeStatementIds": [],
      "publicationStatus": "reviewed",
      "ruleInUseStatementIds": [],
      "scope": "Agrarian institutions in England, with regional and chronological variation retained.",
      "startDate": {
        "certainty": "approximate",
        "note": "A conventional beginning for the long agrarian transformation.",
        "year": 1450,
      },
    },
    {
      "conditionStatementIds": [],
      "description": "A bounded case from Austin’s study of African producer-led cocoa expansion and resource reallocation.",
      "endDate": {
        "certainty": "approximate",
        "note": "Austin’s analytical endpoint.",
        "year": 1936,
      },
      "episodeIds": [
        "gold-coast-cocoa-takeoff-1890-1936",
      ],
      "externalRefs": [
        {
          "checkedAt": "2026-09-06",
          "language": "en",
          "purpose": "orientation",
          "system": "wikipedia",
          "url": "https://en.wikipedia.org/wiki/Cocoa_production_in_Ghana",
        },
      ],
      "id": "gold-coast-cocoa-expansion",
      "kind": "case",
      "label": "Gold Coast cocoa expansion, c. 1890–1936",
      "locationIds": [
        "colonial-gold-coast-cocoa-region",
      ],
      "publicationStatus": "reviewed",
      "scope": "Cocoa-growing regions of Asante and the Gold Coast from about 1890 to 1936; not all households, crops, or colonial Africa.",
      "selectionRationale": "The case records Austin’s finding that expansion reallocated resources from other market activities.",
      "startDate": {
        "certainty": "approximate",
        "note": "Approximate beginning of sustained cocoa expansion.",
        "year": 1890,
      },
    },
    {
      "caseId": "gold-coast-cocoa-expansion",
      "conditionStatementIds": [],
      "description": "The producer-led cocoa expansion dated approximately 1890–1936 by Austin.",
      "endDate": {
        "certainty": "approximate",
        "note": "Austin’s analytical endpoint.",
        "year": 1936,
      },
      "externalRefs": [
        {
          "checkedAt": "2026-09-06",
          "language": "en",
          "purpose": "orientation",
          "system": "wikipedia",
          "url": "https://en.wikipedia.org/wiki/Cocoa_production_in_Ghana",
        },
      ],
      "formalRuleStatementIds": [],
      "id": "gold-coast-cocoa-takeoff-1890-1936",
      "interactionStatementIds": [
        "ghana-cocoa-smallholder-expansion",
        "ghana-cocoa-resource-reallocation",
      ],
      "kind": "case-episode",
      "label": "Gold Coast cocoa take-off, c. 1890–1936",
      "locationIds": [
        "colonial-gold-coast-cocoa-region",
      ],
      "outcomeStatementIds": [
        "ghana-cocoa-classification-limit",
      ],
      "publicationStatus": "reviewed",
      "ruleInUseStatementIds": [],
      "scope": "The supply-side transformation studied by Austin, not a complete welfare or political history.",
      "startDate": {
        "certainty": "approximate",
        "note": "Approximate beginning of sustained cocoa expansion.",
        "year": 1890,
      },
    },
    {
      "conditionStatementIds": [],
      "description": "A bounded case of greater enterprise autonomy, continued planning, and non-state-sector growth.",
      "endDate": {
        "certainty": "exact",
        "year": 1993,
      },
      "episodeIds": [
        "china-plan-market-coexistence-1978-1993",
      ],
      "externalRefs": [
        {
          "checkedAt": "2026-09-06",
          "language": "en",
          "purpose": "orientation",
          "system": "wikipedia",
          "url": "https://en.wikipedia.org/wiki/Reform_and_opening_up",
        },
      ],
      "id": "china-dual-track-market-reforms",
      "kind": "case",
      "label": "China’s economic reforms, 1978–1993",
      "locationIds": [
        "reform-era-china",
      ],
      "publicationStatus": "reviewed",
      "scope": "Economic reforms in the People’s Republic of China from 1978 through 1993; not a classification of China before or after those dates.",
      "selectionRationale": "The case records institutional changes that Naughton describes as growing out of the plan rather than ending it at once.",
      "startDate": {
        "certainty": "exact",
        "year": 1978,
      },
    },
    {
      "caseId": "china-dual-track-market-reforms",
      "conditionStatementIds": [],
      "description": "A period of enterprise reform, continued planning, and non-state market entry.",
      "endDate": {
        "certainty": "exact",
        "year": 1993,
      },
      "externalRefs": [
        {
          "checkedAt": "2026-09-06",
          "language": "en",
          "purpose": "orientation",
          "system": "wikipedia",
          "url": "https://en.wikipedia.org/wiki/Reform_and_opening_up",
        },
      ],
      "formalRuleStatementIds": [],
      "id": "china-plan-market-coexistence-1978-1993",
      "interactionStatementIds": [
        "china-dual-track-coordination",
        "china-tve-ownership-boundary",
      ],
      "kind": "case-episode",
      "label": "Enterprise reform and non-state growth, 1978–1993",
      "locationIds": [
        "reform-era-china",
      ],
      "outcomeStatementIds": [
        "china-nonstate-sector-growth",
      ],
      "publicationStatus": "reviewed",
      "ruleInUseStatementIds": [],
      "scope": "The reform sequence analyzed by Naughton, ending before later ownership and corporate reforms.",
      "startDate": {
        "certainty": "exact",
        "year": 1978,
      },
    },
  ],
  "citations": [
    [
      "capital-finance-boundary",
      "hodgson-conceptualizing-capitalism-source",
      "supports",
      "chapter 6 abstract, paragraph 1; DOI 10.7208/chicago/9780226168142.003.0006",
    ],
    [
      "capitalism-definition-contested",
      "sep-capitalism-source",
      "supports",
      "section 1, paragraph 1",
    ],
    [
      "capitalism-institutional-definition",
      "hodgson-conceptualizing-capitalism-source",
      "supports",
      "chapter 10 abstract, paragraph 1; DOI 10.7208/chicago/9780226168142.003.0010",
    ],
    [
      "capitalism-legal-order-relation",
      "hodgson-conceptualizing-capitalism-source",
      "supports",
      "chapter 10 abstract, paragraph 1; DOI 10.7208/chicago/9780226168142.003.0010",
    ],
    [
      "capitalism-market-boundary",
      "hodgson-conceptualizing-capitalism-source",
      "supports",
      "chapter 10 abstract, paragraph 1; DOI 10.7208/chicago/9780226168142.003.0010",
    ],
    [
      "capitalism-market-economy-relation",
      "hodgson-conceptualizing-capitalism-source",
      "supports",
      "chapter 10 abstract, paragraph 1; DOI 10.7208/chicago/9780226168142.003.0010",
    ],
    [
      "capitalism-marx-definition",
      "marx-capital-volume-one-source",
      "supports",
      "chapter 6, paragraph beginning ‘In order to be able to extract value’",
    ],
    [
      "capitalism-polanyi-definition",
      "polanyi-great-transformation-source",
      "supports",
      "chapter 6, p. 76",
    ],
    [
      "capitalism-private-property-relation",
      "hodgson-conceptualizing-capitalism-source",
      "supports",
      "chapter 10 abstract, paragraph 1; DOI 10.7208/chicago/9780226168142.003.0010",
    ],
    [
      "china-case-period-boundary",
      "naughton-growing-out-plan-source",
      "supports",
      "title and copyright-page bibliographic record",
    ],
    [
      "china-dual-track-coordination",
      "naughton-growing-out-plan-source",
      "supports",
      "chapter 3 online summary, paragraph 1",
    ],
    [
      "china-marketization-classification-limit",
      "naughton-growing-out-plan-source",
      "supports",
      "book preface online summary, paragraph 1",
    ],
    [
      "china-nonstate-sector-growth",
      "naughton-growing-out-plan-source",
      "supports",
      "chapter 4 online summary, paragraph 1",
    ],
    [
      "china-tve-ownership-boundary",
      "naughton-growing-out-plan-source",
      "supports",
      "chapter 4 online summary, paragraph 2",
    ],
    [
      "commodity-production-boundary",
      "sep-markets-2026-source",
      "supports",
      "section 1, paragraphs 4–5",
    ],
    [
      "england-brenner-class-thesis",
      "brenner-agrarian-class-structure-source",
      "supports",
      "p. 31",
    ],
    [
      "england-brenner-rival-explanations",
      "aston-philpin-brenner-debate-source",
      "supports",
      "introduction, p. 2",
    ],
    [
      "england-case-period-boundary",
      "brenner-agrarian-class-structure-source",
      "context",
      "pp. 30–31",
    ],
    [
      "firm-market-boundary",
      "sep-markets-2026-source",
      "supports",
      "section 1, paragraph 3",
    ],
    [
      "ghana-case-period-boundary",
      "austin-ghana-cocoa-source",
      "supports",
      "title and abstract, paragraph 1",
    ],
    [
      "ghana-cocoa-classification-limit",
      "austin-ghana-cocoa-source",
      "supports",
      "abstract, paragraph 1",
    ],
    [
      "ghana-cocoa-resource-reallocation",
      "austin-ghana-cocoa-source",
      "supports",
      "abstract, paragraph 2",
    ],
    [
      "ghana-cocoa-smallholder-expansion",
      "austin-ghana-cocoa-source",
      "supports",
      "abstract, paragraph 1",
    ],
    [
      "market-definition-exchange",
      "sep-markets-2026-source",
      "supports",
      "section 1, paragraph 1",
    ],
    [
      "market-economy-firm-relation",
      "sep-markets-2026-source",
      "supports",
      "section 1, paragraph 3",
    ],
    [
      "market-economy-plural-allocation",
      "sep-markets-2026-source",
      "supports",
      "section 1, paragraph 3",
    ],
    [
      "market-laissez-faire-boundary",
      "sep-markets-2026-source",
      "supports",
      "section 4.3, paragraph 1",
    ],
    [
      "market-ownership-boundary",
      "sep-markets-2026-source",
      "supports",
      "section 1, paragraphs 4–5",
    ],
    [
      "market-state-boundary",
      "sep-markets-2026-source",
      "supports",
      "section 4.1, paragraph 1",
    ],
    [
      "property-possession-boundary",
      "hodgson-conceptualizing-capitalism-source",
      "supports",
      "chapter 4 abstract, paragraph 1; DOI 10.7208/chicago/9780226168142.003.0004",
    ],
    [
      "property-rights-plural",
      "hohfeld-fundamental-legal-conceptions-source",
      "supports",
      "p. 30, table of jural correlatives",
    ],
    [
      "smith-exchange-division-labor",
      "smith-wealth-nations-cannan-source",
      "supports",
      "Book I, chapter III, paragraph 1",
    ],
    [
      "wage-labor-boundary",
      "hodgson-conceptualizing-capitalism-source",
      "supports",
      "chapter 9 abstract, paragraph 1; DOI 10.7208/chicago/9780226168142.003.0009",
    ],
    [
      "wage-labor-history-limit",
      "hodgson-conceptualizing-capitalism-source",
      "supports",
      "chapter 9 abstract, paragraph 1; DOI 10.7208/chicago/9780226168142.003.0009",
    ],
  ],
  "conceptRelationships": [
    {
      "id": "capitalism-related-to-finance",
      "object": {
        "id": "finance",
        "kind": "concept",
      },
      "predicate": "related-to",
      "statementIds": [
        "capitalism-institutional-definition",
        "capital-finance-boundary",
      ],
      "status": "qualified",
      "subject": {
        "id": "capitalism",
        "kind": "concept",
      },
    },
    {
      "id": "capitalism-related-to-legal-order",
      "object": {
        "id": "legal-order",
        "kind": "concept",
      },
      "predicate": "related-to",
      "statementIds": [
        "capitalism-legal-order-relation",
      ],
      "status": "qualified",
      "subject": {
        "id": "capitalism",
        "kind": "concept",
      },
    },
    {
      "id": "capitalism-related-to-market-economy",
      "object": {
        "id": "market-economy",
        "kind": "concept",
      },
      "predicate": "related-to",
      "statementIds": [
        "capitalism-market-economy-relation",
      ],
      "status": "qualified",
      "subject": {
        "id": "capitalism",
        "kind": "concept",
      },
    },
    {
      "id": "capitalism-related-to-private-property",
      "object": {
        "id": "private-property",
        "kind": "concept",
      },
      "predicate": "related-to",
      "statementIds": [
        "capitalism-private-property-relation",
      ],
      "status": "qualified",
      "subject": {
        "id": "capitalism",
        "kind": "concept",
      },
    },
    {
      "id": "capitalism-related-to-wage-labor",
      "object": {
        "id": "wage-labor",
        "kind": "concept",
      },
      "predicate": "related-to",
      "statementIds": [
        "capitalism-institutional-definition",
        "wage-labor-history-limit",
      ],
      "status": "qualified",
      "subject": {
        "id": "capitalism",
        "kind": "concept",
      },
    },
    {
      "id": "market-economy-related-to-business-firm",
      "object": {
        "id": "business-firm",
        "kind": "concept",
      },
      "predicate": "related-to",
      "statementIds": [
        "market-economy-firm-relation",
      ],
      "status": "qualified",
      "subject": {
        "id": "market-economy",
        "kind": "concept",
      },
    },
    {
      "id": "market-economy-related-to-legal-order",
      "object": {
        "id": "legal-order",
        "kind": "concept",
      },
      "predicate": "related-to",
      "statementIds": [
        "market-state-boundary",
      ],
      "status": "qualified",
      "subject": {
        "id": "market-economy",
        "kind": "concept",
      },
    },
  ],
  "sources": [
    [
      "aston-philpin-brenner-debate-source",
      "The Brenner Debate: Agrarian Class Structure and Economic Development in Pre-Industrial Europe",
      "edition",
      "aston-philpin-brenner-debate-work",
      [
        "T. H. Aston",
        "C. H. E. Philpin",
      ],
      2009,
      "Cambridge University Press",
      {
        "isbn13": "9780521349338",
      },
      [
        {
          "label": "Open the source record",
          "purpose": "publisher",
          "url": "https://www.cambridge.org/core/books/brenner-debate/A44B7FC72563D885578E901E188924EF",
        },
      ],
    ],
    [
      "austin-ghana-cocoa-source",
      "Vent for Surplus or Productivity Breakthrough? The Ghanaian Cocoa Take-off, c. 1890–1936",
      "article",
      "austin-ghana-cocoa-work",
      [
        "Gareth Austin",
      ],
      2014,
      "Economic History Review",
      {
        "doi": "10.1111/1468-0289.12043",
      },
      [
        {
          "label": "Open the source record",
          "purpose": "publisher",
          "url": "https://doi.org/10.1111/1468-0289.12043",
        },
      ],
    ],
    [
      "brenner-agrarian-class-structure-source",
      "Agrarian Class Structure and Economic Development in Pre-Industrial Europe",
      "article",
      "brenner-agrarian-class-structure-work",
      [
        "Robert Brenner",
      ],
      1976,
      "Past & Present",
      {
        "doi": "10.1093/past/70.1.30",
      },
      [
        {
          "label": "Open the source record",
          "purpose": "publisher",
          "url": "https://doi.org/10.1093/past/70.1.30",
        },
      ],
    ],
    [
      "hodgson-conceptualizing-capitalism-source",
      "Conceptualizing Capitalism: Institutions, Evolution, Future",
      "edition",
      "hodgson-conceptualizing-capitalism-work",
      [
        "Geoffrey M. Hodgson",
      ],
      2015,
      "University of Chicago Press",
      {
        "doi": "10.7208/chicago/9780226168142.001.0001",
        "isbn13": "9780226168142",
      },
      [
        {
          "label": "Open the source record",
          "purpose": "publisher",
          "url": "https://academic.oup.com/chicago-scholarship-online/book/17328",
        },
      ],
    ],
    [
      "hohfeld-fundamental-legal-conceptions-source",
      "Some Fundamental Legal Conceptions as Applied in Judicial Reasoning",
      "article",
      "hohfeld-fundamental-legal-conceptions-work",
      [
        "Wesley Newcomb Hohfeld",
      ],
      1913,
      "Yale Law Journal",
      {
        "doi": "10.2307/785533",
      },
      [
        {
          "label": "Open the source record",
          "purpose": "publisher",
          "url": "https://doi.org/10.2307/785533",
        },
      ],
    ],
    [
      "marx-capital-volume-one-source",
      "Capital: A Critique of Political Economy, volume 1",
      "edition",
      "marx-capital-volume-one-work",
      [
        "Karl Marx",
        "Samuel Moore",
        "Edward Aveling",
        "Friedrich Engels",
      ],
      undefined,
      "Marxists Internet Archive",
      null,
      [
        {
          "label": "Open the source record",
          "purpose": "archive",
          "url": "https://www.marxists.org/archive/marx/works/1867-c1/",
        },
      ],
    ],
    [
      "naughton-growing-out-plan-source",
      "Growing Out of the Plan: Chinese Economic Reform, 1978–1993",
      "edition",
      "naughton-growing-out-plan-work",
      [
        "Barry Naughton",
      ],
      2010,
      "Cambridge University Press",
      {
        "isbn13": "9780521470551",
      },
      [
        {
          "label": "Open the source record",
          "purpose": "publisher",
          "url": "https://www.cambridge.org/core/books/growing-out-of-the-plan/4500F9826731A4765F9B6C2EFCE7AD53",
        },
      ],
    ],
    [
      "polanyi-great-transformation-source",
      "The Great Transformation: The Political and Economic Origins of Our Time",
      "edition",
      "polanyi-great-transformation-work",
      [
        "Karl Polanyi",
      ],
      2001,
      "Beacon Press",
      {
        "isbn13": "9780807056431",
      },
      [
        {
          "label": "Open the source record",
          "purpose": "publisher",
          "url": "https://www.beacon.org/The-Great-Transformation-P1180.aspx",
        },
      ],
    ],
    [
      "sep-capitalism-source",
      "Capitalism",
      "web-page",
      "sep-capitalism-work",
      [
        "Chiara Cordelli",
      ],
      2026,
      "Stanford Encyclopedia of Philosophy",
      null,
      [
        {
          "label": "Open the source record",
          "purpose": "publisher",
          "url": "https://plato.stanford.edu/entries/capitalism/",
        },
      ],
    ],
    [
      "sep-markets-2026-source",
      "Markets",
      "web-page",
      "sep-markets-2026-work",
      [
        "Lisa Herzog",
      ],
      2026,
      "Stanford Encyclopedia of Philosophy",
      null,
      [
        {
          "label": "Open the source record",
          "purpose": "publisher",
          "url": "https://plato.stanford.edu/archives/sum2026/entries/markets/",
        },
      ],
    ],
    [
      "smith-wealth-nations-cannan-source",
      "An Inquiry into the Nature and Causes of the Wealth of Nations, Cannan edition, volume 1",
      "edition",
      "smith-wealth-nations-cannan-work",
      [
        "Adam Smith",
        "Edwin Cannan",
      ],
      undefined,
      "Online Library of Liberty",
      null,
      [
        {
          "label": "Open the source record",
          "purpose": "authorized-reading",
          "url": "https://oll.libertyfund.org/titles/smith-an-inquiry-into-the-nature-and-causes-of-the-wealth-of-nations-cannan-ed-vol-1",
        },
      ],
    ],
  ],
  "statements": [
    [
      "capitalism-definition-contested",
      "Capitalism has rival definitions",
      "definition",
      "The term capitalism has no single, generally accepted definition.",
    ],
    [
      "capitalism-market-boundary",
      "Markets predate modern capitalism",
      "definition",
      "Markets existed before the economic order commonly called capitalism.",
    ],
    [
      "capitalism-institutional-definition",
      "Hodgson’s institutional definition",
      "definition",
      "Geoffrey Hodgson includes widespread employment and developed financial institutions in his minimum definition of capitalism.",
    ],
    [
      "capitalism-marx-definition",
      "Marx on labor-power and surplus value",
      "definition",
      "Marx describes the capitalist’s purchase of labor-power as a condition for producing surplus value.",
    ],
    [
      "capitalism-polanyi-definition",
      "Polanyi’s fictitious commodities",
      "definition",
      "Karl Polanyi calls labor, land, and money fictitious commodities because they are not produced for sale.",
    ],
    [
      "property-possession-boundary",
      "Property differs from possession",
      "definition",
      "Legal property is distinct from physical possession.",
    ],
    [
      "property-rights-plural",
      "Hohfeld distinguishes separate legal positions",
      "definition",
      "Hohfeld distinguishes claims, privileges, powers, and immunities as separate legal positions.",
    ],
    [
      "wage-labor-boundary",
      "Employment permits direction of work",
      "definition",
      "An employment contract gives the employer a right to direct how work is performed.",
    ],
    [
      "wage-labor-history-limit",
      "Paid day labor predates modern capitalism",
      "observation",
      "Paid day labor existed in medieval Europe before modern capitalism.",
    ],
    [
      "commodity-production-boundary",
      "Production for exchange leaves ownership open",
      "definition",
      "Production for exchange does not by itself specify the ownership of productive assets.",
    ],
    [
      "firm-market-boundary",
      "Firms coordinate internally without market exchange",
      "definition",
      "Firms commonly coordinate their internal activity through hierarchy rather than market exchange.",
    ],
    [
      "capital-finance-boundary",
      "Hodgson’s definition of capital",
      "definition",
      "Hodgson defines capital as money value attached to alienable property.",
    ],
    [
      "market-definition-exchange",
      "Markets organize recurring exchange",
      "definition",
      "A market is a social institution in which goods and services are regularly exchanged.",
    ],
    [
      "market-economy-plural-allocation",
      "Economies use several allocation mechanisms",
      "definition",
      "Economies allocate goods through mechanisms other than markets, including reciprocity and redistribution.",
    ],
    [
      "market-state-boundary",
      "A market economy requires supporting legal rules",
      "definition",
      "A functioning market economy requires legal rules that protect property rights and enforce contracts.",
    ],
    [
      "market-ownership-boundary",
      "Market exchange does not settle ownership",
      "definition",
      "Market exchange can coexist with forms of capital ownership other than private ownership.",
    ],
    [
      "market-laissez-faire-boundary",
      "Market economy does not mean laissez-faire",
      "definition",
      "The existence of regulation does not make an economy non-market.",
    ],
    [
      "smith-exchange-division-labor",
      "Smith on market extent and the division of labor",
      "causal-hypothesis",
      "Adam Smith argues that the extent of the market limits the division of labor.",
    ],
    [
      "england-brenner-class-thesis",
      "Brenner’s agrarian class thesis",
      "causal-hypothesis",
      "Robert Brenner attributes England’s agrarian development to its structure of agrarian class relations.",
    ],
    [
      "england-brenner-rival-explanations",
      "The Brenner thesis remains contested",
      "observation",
      "The contributors to The Brenner Debate disagree about Brenner’s account of agrarian change.",
    ],
    [
      "ghana-cocoa-smallholder-expansion",
      "African producers initiated cocoa expansion",
      "observation",
      "African producers initiated the Gold Coast cocoa take-off around 1890.",
    ],
    [
      "ghana-cocoa-resource-reallocation",
      "Cocoa growth reallocated resources",
      "observation",
      "Gareth Austin finds that Gold Coast cocoa production reallocated resources from existing market activities.",
    ],
    [
      "ghana-cocoa-classification-limit",
      "Gold Coast cocoa exports expanded",
      "observation",
      "Gold Coast cocoa exports expanded rapidly between about 1890 and 1936.",
    ],
    [
      "china-dual-track-coordination",
      "Enterprise autonomy expanded while planning continued",
      "observation",
      "China’s state-sector reforms after 1978 combined greater enterprise autonomy with continued planning.",
    ],
    [
      "china-tve-ownership-boundary",
      "Township and village enterprises entered markets",
      "observation",
      "Township and village enterprises entered markets and competed with state-owned enterprises during China’s reform period.",
    ],
    [
      "china-marketization-classification-limit",
      "Naughton describes reform as growing out of the plan",
      "observation",
      "Naughton describes China’s 1978–1993 reforms as growing out of the plan rather than abolishing it at once.",
    ],
    [
      "england-case-period-boundary",
      "The England case uses an analytical period",
      "editorial-interpretation",
      "Approximately 1450–1750 bounds England’s long agrarian transformation analytically; those years are not dates of a single transition event.",
    ],
    [
      "ghana-case-period-boundary",
      "Austin bounds the cocoa take-off",
      "observation",
      "Austin dates the Ghanaian cocoa take-off to approximately 1890–1936.",
    ],
    [
      "china-case-period-boundary",
      "Naughton bounds the reform study",
      "observation",
      "Naughton’s study covers Chinese economic reform from 1978 through 1993.",
    ],
    [
      "china-nonstate-sector-growth",
      "China’s non-state sector grew",
      "observation",
      "China’s non-state sector grew rapidly during the reform period.",
    ],
    [
      "capitalism-legal-order-relation",
      "Hodgson’s definition requires a legal system",
      "definition",
      "Hodgson’s definition of capitalism treats a legal system supporting property and contract as a necessary institution.",
    ],
    [
      "capitalism-private-property-relation",
      "Hodgson includes private property in capitalism’s definition",
      "definition",
      "Hodgson includes private property among the institutions in his definition of capitalism.",
    ],
    [
      "market-economy-firm-relation",
      "Economies can contain markets and hierarchical corporations",
      "definition",
      "An economy can include both markets and corporations while corporations coordinate their internal activity through hierarchy.",
    ],
    [
      "capitalism-market-economy-relation",
      "Hodgson finds markets insufficient to define capitalism",
      "definition",
      "Hodgson argues that markets are insufficient to define capitalism.",
    ],
  ],
  "works": [
    [
      "aston-philpin-brenner-debate-work",
      "The Brenner Debate: Agrarian Class Structure and Economic Development in Pre-Industrial Europe",
      "book",
      1985,
    ],
    [
      "austin-ghana-cocoa-work",
      "Vent for Surplus or Productivity Breakthrough? The Ghanaian Cocoa Take-off, c. 1890–1936",
      "article",
      2014,
    ],
    [
      "brenner-agrarian-class-structure-work",
      "Agrarian Class Structure and Economic Development in Pre-Industrial Europe",
      "article",
      1976,
    ],
    [
      "hodgson-conceptualizing-capitalism-work",
      "Conceptualizing Capitalism: Institutions, Evolution, Future",
      "book",
      2015,
    ],
    [
      "hohfeld-fundamental-legal-conceptions-work",
      "Some Fundamental Legal Conceptions as Applied in Judicial Reasoning",
      "article",
      1913,
    ],
    [
      "marx-capital-volume-one-work",
      "Capital: A Critique of Political Economy, volume 1",
      "book",
      1867,
    ],
    [
      "naughton-growing-out-plan-work",
      "Growing Out of the Plan: Chinese Economic Reform, 1978–1993",
      "book",
      1995,
    ],
    [
      "polanyi-great-transformation-work",
      "The Great Transformation: The Political and Economic Origins of Our Time",
      "book",
      1944,
    ],
    [
      "sep-capitalism-work",
      "Capitalism",
      "other",
      2026,
    ],
    [
      "sep-markets-2026-work",
      "Markets",
      "other",
      2013,
    ],
    [
      "smith-wealth-nations-cannan-work",
      "An Inquiry into the Nature and Causes of the Wealth of Nations, Cannan edition, volume 1",
      "book",
      1776,
    ],
  ],
}
`;
