// Vitest Snapshot v1, https://vitest.dev/guide/snapshot.html

exports[`Minangkabau matriliny, property, and authority > locks every Statement, Source manifestation, and citation tuple > citations 1`] = `
[
  {
    "locator": "opening section, paragraph beginning ‘Sistem matrilineal diartikan’",
    "role": "supports",
    "sourceId": "mardoni-matrilineal-data-center-source",
    "statementId": "matriliny-maternal-descent-definition",
  },
  {
    "locator": "‘From the Preface’, paragraph beginning ‘A number of feminist writers’",
    "role": "supports",
    "sourceId": "sanday-women-center-excerpt-source",
    "statementId": "matrilocality-residence-distinction",
  },
  {
    "locator": "p. 32, paragraph beginning ‘Control over ulayat land’; p. 33, first paragraph",
    "role": "supports",
    "sourceId": "mutolib-bonjol-ulayat-source",
    "statementId": "matriliny-does-not-fix-authority",
  },
  {
    "locator": "chapter 1, pp. 7–8, paragraphs describing women as heirs, household heads, and land controllers",
    "role": "supports",
    "sourceId": "blackwood-webs-power-source",
    "statementId": "matriliny-does-not-fix-authority",
  },
  {
    "locator": "‘From the Preface’, paragraph beginning ‘A number of feminist writers’",
    "role": "supports",
    "sourceId": "sanday-women-center-excerpt-source",
    "statementId": "matriarchy-rule-by-women-dispute",
  },
  {
    "locator": "chapter 1, pp. 7–8, paragraphs describing relation-specific forms of power",
    "role": "supports",
    "sourceId": "blackwood-webs-power-source",
    "statementId": "minangkabau-power-varies-by-relation",
  },
  {
    "locator": "p. 41, ‘Discussion’, first paragraph",
    "role": "qualifies",
    "sourceId": "mutolib-bonjol-ulayat-source",
    "statementId": "minangkabau-power-varies-by-relation",
  },
  {
    "locator": "abstract",
    "role": "supports",
    "sourceId": "sebastian-matrilineal-muslims-source",
    "statementId": "minangkabau-practices-historically-changing",
  },
  {
    "locator": "chapter 1, p. 1, opening paragraph",
    "role": "supports",
    "sourceId": "blackwood-webs-power-source",
    "statementId": "adat-translation-boundary",
  },
  {
    "locator": "p. 106, footnote 1",
    "role": "context",
    "sourceId": "nurdin-nagari-governance-source",
    "statementId": "adat-translation-boundary",
  },
  {
    "locator": "p. 109, paragraph beginning ‘Structure of Nagari Government’",
    "role": "supports",
    "sourceId": "nurdin-nagari-governance-source",
    "statementId": "nagari-translation-boundary",
  },
  {
    "locator": "articles 1–3",
    "role": "context",
    "sourceId": "west-sumatra-nagari-law-2018-source",
    "statementId": "nagari-translation-boundary",
  },
  {
    "locator": "p. 109, paragraph beginning ‘Structure of Nagari Government’; p. 110, paragraph beginning ‘Institutionally’",
    "role": "supports",
    "sourceId": "nurdin-nagari-governance-source",
    "statementId": "minangkabau-legal-orders-interact",
  },
  {
    "locator": "abstract",
    "role": "supports",
    "sourceId": "sebastian-matrilineal-muslims-source",
    "statementId": "minangkabau-legal-orders-interact",
  },
  {
    "locator": "p. 432, paragraph beginning ‘In Minangkabau society’",
    "role": "supports",
    "sourceId": "colombijn-padang-landownership-source",
    "statementId": "minangkabau-ancestral-acquired-property-distinction",
  },
  {
    "locator": "p. 106, opening paragraph; p. 109, paragraph beginning ‘Structure of Nagari Government’",
    "role": "supports",
    "sourceId": "nurdin-nagari-governance-source",
    "statementId": "koto-tinggi-minangkabau-adat-context",
  },
  {
    "locator": "p. 108, final paragraph before ‘Method’",
    "role": "supports",
    "sourceId": "nurdin-nagari-governance-source",
    "statementId": "koto-tinggi-fieldwork-scope",
  },
  {
    "locator": "p. 109, first four paragraphs",
    "role": "supports",
    "sourceId": "nurdin-nagari-governance-source",
    "statementId": "koto-tinggi-three-institutions",
  },
  {
    "locator": "p. 109, ‘The Mechanism of Rural Development’, paragraph beginning ‘The meeting was attended’",
    "role": "supports",
    "sourceId": "nurdin-nagari-governance-source",
    "statementId": "koto-tinggi-formal-participation-rules",
  },
  {
    "locator": "p. 110, first paragraph",
    "role": "supports",
    "sourceId": "nurdin-nagari-governance-source",
    "statementId": "koto-tinggi-formal-decision-rule",
  },
  {
    "locator": "p. 110, final two paragraphs before ‘Dynamic of Interaction in Rural Development’",
    "role": "supports",
    "sourceId": "nurdin-nagari-governance-source",
    "statementId": "koto-tinggi-customary-council-contestation",
  },
  {
    "locator": "p. 111, first paragraph",
    "role": "supports",
    "sourceId": "nurdin-nagari-governance-source",
    "statementId": "koto-tinggi-budget-rules-in-use",
  },
  {
    "locator": "p. 111, second paragraph",
    "role": "supports",
    "sourceId": "nurdin-nagari-governance-source",
    "statementId": "koto-tinggi-budget-consensus",
  },
  {
    "locator": "p. 110, paragraph beginning ‘Looking at the stipulated mechanism’",
    "role": "supports",
    "sourceId": "nurdin-nagari-governance-source",
    "statementId": "koto-tinggi-administrative-capacity-limit",
  },
  {
    "locator": "p. 111, final paragraph",
    "role": "supports",
    "sourceId": "nurdin-nagari-governance-source",
    "statementId": "koto-tinggi-regulatory-preparation-limit",
  },
  {
    "locator": "pp. 26–27, ‘Methodology’, ‘Data Collection Technique’, and ‘Data Analysis’",
    "role": "supports",
    "sourceId": "mutolib-bonjol-ulayat-source",
    "statementId": "bonjol-study-method-and-voice",
  },
  {
    "locator": "p. 29, paragraph beginning ‘After the regional autonomy’",
    "role": "supports",
    "sourceId": "mutolib-bonjol-ulayat-source",
    "statementId": "bonjol-new-nagari-forest-transition",
  },
  {
    "locator": "p. 29, paragraph beginning ‘The area was formerly’",
    "role": "supports",
    "sourceId": "mutolib-bonjol-ulayat-source",
    "statementId": "bonjol-concession-end-transition",
  },
  {
    "locator": "p. 31, ‘Land Control in the Melayu Clan of Nagari Bonjol’, first paragraph",
    "role": "supports",
    "sourceId": "mutolib-bonjol-ulayat-source",
    "statementId": "bonjol-ulayat-formal-distinction",
  },
  {
    "locator": "p. 32, paragraph beginning ‘Control over ulayat land’",
    "role": "supports",
    "sourceId": "mutolib-bonjol-ulayat-source",
    "statementId": "bonjol-ulayat-delegated-management",
  },
  {
    "locator": "p. 32, final paragraph continuing onto p. 33",
    "role": "supports",
    "sourceId": "mutolib-bonjol-ulayat-source",
    "statementId": "bonjol-harta-pusaka-transition",
  },
  {
    "locator": "p. 30, paragraph beginning ‘The most important role’",
    "role": "supports",
    "sourceId": "mutolib-bonjol-ulayat-source",
    "statementId": "bonjol-bundo-kanduang-role",
  },
  {
    "locator": "pp. 33–35, ‘Selling Ulayat Forest Land’, tables 1–2",
    "role": "supports",
    "sourceId": "mutolib-bonjol-ulayat-source",
    "statementId": "bonjol-ulayat-sales-rules-in-use",
  },
  {
    "locator": "p. 35, ‘Manipulation of NESHP Plot Distribution’, first paragraph",
    "role": "supports",
    "sourceId": "mutolib-bonjol-ulayat-source",
    "statementId": "bonjol-neshp-formal-promise",
  },
  {
    "locator": "p. 35, ‘Manipulation of NESHP Plot Distribution’, final paragraph",
    "role": "supports",
    "sourceId": "mutolib-bonjol-ulayat-source",
    "statementId": "bonjol-neshp-distribution-practice",
  },
  {
    "locator": "p. 36, first two paragraphs",
    "role": "supports",
    "sourceId": "mutolib-bonjol-ulayat-source",
    "statementId": "bonjol-neshp-exclusion-outcome",
  },
  {
    "locator": "p. 36, ‘Melayu Women: When Matters Are More Precious Than Kinship’, second paragraph",
    "role": "supports",
    "sourceId": "mutolib-bonjol-ulayat-source",
    "statementId": "bonjol-women-testimony-limit",
  },
  {
    "locator": "pp. 36–37, block quotation attributed to five Melayu women",
    "role": "supports",
    "sourceId": "mutolib-bonjol-ulayat-source",
    "statementId": "bonjol-five-women-testimony",
  },
  {
    "locator": "pp. 38–40, ‘Why are Melayu Women Oppressed?’, enumerated explanations",
    "role": "supports",
    "sourceId": "mutolib-bonjol-ulayat-source",
    "statementId": "bonjol-authors-causal-interpretation",
  },
  {
    "locator": "pp. 26–27, reported cross-sectional methods and sample",
    "role": "qualifies",
    "sourceId": "mutolib-bonjol-ulayat-source",
    "statementId": "bonjol-authors-causal-interpretation",
  },
  {
    "locator": "p. 41, ‘Discussion’, first paragraph",
    "role": "supports",
    "sourceId": "mutolib-bonjol-ulayat-source",
    "statementId": "bonjol-no-minangkabau-generalization",
  },
  {
    "locator": "preamble paragraph c; articles 1–3 and 23",
    "role": "supports",
    "sourceId": "west-sumatra-nagari-law-2018-source",
    "statementId": "nagari-law-changed-after-cases",
  },
]
`;

exports[`Minangkabau matriliny, property, and authority > locks every Statement, Source manifestation, and citation tuple > sources 1`] = `
[
  {
    "contributorDisplay": [
      "Ismail Nurdin",
    ],
    "description": "The open-access journal manifestation, whose PDF uses the English running title ‘Adat Revival and Local Capacity in Indonesia: The Case of Nagari.’",
    "id": "nurdin-nagari-governance-source",
    "identifiers": {
      "doi": "10.24198/sosiohumaniora.v19i2.11398",
    },
    "kind": "source",
    "label": "Koto Tinggi nagari governance study (2017)",
    "publicationStatus": "reviewed",
    "publicationYear": 2017,
    "publisher": "Sosiohumaniora, Universitas Padjadjaran",
    "resourceLinks": [
      {
        "label": "Read the journal article",
        "purpose": "authorized-reading",
        "url": "https://journals.unpad.ac.id/sosiohumaniora/article/view/11398",
      },
    ],
    "sourceType": "article",
    "title": "New Value Within Old Structure: The Creation of Organizational Culture of Nagari in Indonesian Decentralization Era",
    "workId": "nurdin-nagari-governance-work",
  },
  {
    "contributorDisplay": [
      "Abdul Mutolib",
      "Yonariza",
      "Mahdi",
      "Hanung Ismono",
    ],
    "description": "The open-access peer-reviewed article by researchers at Andalas University and the University of Lampung.",
    "id": "mutolib-bonjol-ulayat-source",
    "identifiers": {
      "doi": "10.14431/aw.2016.09.32.3.23",
    },
    "kind": "source",
    "label": "Nagari Bonjol ulayat forest study (2016)",
    "publicationStatus": "reviewed",
    "publicationYear": 2016,
    "publisher": "Asian Women",
    "resourceLinks": [
      {
        "label": "Read the journal article",
        "purpose": "authorized-reading",
        "url": "https://e-asianwomen.org/search.php?where=aview&id=10.14431/aw.2016.09.32.3.23&code=0274AW&vmode=FULL",
      },
    ],
    "sourceType": "article",
    "title": "Gender Inequality and the Oppression of Women within Minangkabau Matrilineal Society: A Case Study of the Management of Ulayat Forest Land in Nagari Bonjol, Dharmasraya District, West Sumatra Province, Indonesia",
    "workId": "mutolib-bonjol-ulayat-work",
  },
  {
    "contributorDisplay": [
      "Evelyn Blackwood",
    ],
    "description": "The Rowman & Littlefield edition, checked through the publisher’s authorized preview.",
    "id": "blackwood-webs-power-source",
    "identifiers": {
      "isbn10": "0847699110",
      "isbn13": "9780847699117",
    },
    "kind": "source",
    "label": "Webs of Power (2000)",
    "publicationStatus": "reviewed",
    "publicationYear": 2000,
    "publisher": "Rowman & Littlefield",
    "resourceLinks": [
      {
        "label": "View the publisher record",
        "purpose": "publisher",
        "url": "https://www.bloomsbury.com/us/webs-of-power-9780847699117/",
      },
      {
        "label": "Inspect the 2000 edition preview",
        "purpose": "authorized-reading",
        "url": "https://books.google.com/books?id=Bs1t0QUOeKsC",
      },
    ],
    "sourceType": "edition",
    "title": "Webs of Power: Women, Kin, and Community in a Sumatran Village",
    "workId": "blackwood-webs-power-work",
  },
  {
    "contributorDisplay": [
      "Peggy Reeves Sanday",
    ],
    "description": "Sanday’s University of Pennsylvania author page presenting the book’s preface and interpretive framing.",
    "id": "sanday-women-center-excerpt-source",
    "kind": "source",
    "label": "Women at the Center author excerpt",
    "publicationStatus": "reviewed",
    "publicationYear": 2002,
    "publisher": "University of Pennsylvania",
    "resourceLinks": [
      {
        "label": "Read the author’s excerpt",
        "purpose": "authorized-reading",
        "url": "https://web.sas.upenn.edu/psanday/books/women-at-the-center-life-in-a-modern-matriarchy/",
      },
    ],
    "sourceType": "web-page",
    "title": "Women at the Center: Life in a Modern Matriarchy",
    "workId": "sanday-women-center-work",
  },
  {
    "contributorDisplay": [
      "Aleena Sebastian",
    ],
    "description": "The SAGE article record and abstract for Sebastian’s historically situated ethnographic account.",
    "id": "sebastian-matrilineal-muslims-source",
    "identifiers": {
      "doi": "10.1177/14661381221147137",
    },
    "kind": "source",
    "label": "Matrilineal Practices among Muslims (2022)",
    "publicationStatus": "reviewed",
    "publicationYear": 2022,
    "publisher": "Ethnography, SAGE Publications",
    "resourceLinks": [
      {
        "label": "View the journal article",
        "purpose": "publisher",
        "url": "https://journals.sagepub.com/doi/10.1177/14661381221147137",
      },
    ],
    "sourceType": "article",
    "title": "Matrilineal Practices among Muslims: An Ethnographic Study of the Minangkabau of West Sumatra",
    "workId": "sebastian-matrilineal-muslims-work",
  },
  {
    "contributorDisplay": [
      "Mardoni",
    ],
    "description": "Mardoni’s Indonesian-language article for the West Sumatra cultural-preservation office.",
    "id": "mardoni-matrilineal-data-center-source",
    "kind": "source",
    "label": "Pusat Data Matrilineal (2019)",
    "publicationStatus": "reviewed",
    "publicationYear": 2019,
    "publisher": "Balai Pelestarian Nilai Budaya Sumatera Barat",
    "resourceLinks": [
      {
        "label": "Read the Indonesian-language article",
        "purpose": "publisher",
        "url": "https://kebudayaan.kemdikbud.go.id/bpnbsumbar/pusat-data-matrilineal-sebagai-sumber-sejarah-dan-budaya-minangkabau/",
      },
    ],
    "sourceType": "web-page",
    "title": "Pusat Data Matrilineal Sebagai Sumber Sejarah dan Budaya Minangkabau",
    "workId": "mardoni-matrilineal-data-center-work",
  },
  {
    "contributorDisplay": [
      "Pemerintah Provinsi Sumatera Barat",
    ],
    "description": "The official Indonesian legal record and text published through the national audit board’s legislation database.",
    "id": "west-sumatra-nagari-law-2018-source",
    "kind": "source",
    "label": "West Sumatra Regulation No. 7 of 2018",
    "publicationStatus": "reviewed",
    "publicationYear": 2018,
    "publisher": "Database Peraturan BPK",
    "resourceLinks": [
      {
        "label": "Read the official legal record",
        "purpose": "publisher",
        "url": "https://peraturan.bpk.go.id/Details/99639/perda-",
      },
    ],
    "sourceType": "legal-text",
    "title": "Peraturan Daerah Provinsi Sumatera Barat Nomor 7 Tahun 2018 tentang Nagari",
    "workId": "west-sumatra-nagari-law-2018-work",
  },
  {
    "contributorDisplay": [
      "Freek Colombijn",
    ],
    "description": "The Bijdragen tot de Taal-, Land- en Volkenkunde article, checked against an author-uploaded full-text copy, on property categories and changing landownership in Padang.",
    "id": "colombijn-padang-landownership-source",
    "identifiers": {
      "doi": "10.1163/22134379-90003145",
    },
    "kind": "source",
    "label": "Minangkabau urban landownership study (1992)",
    "publicationStatus": "reviewed",
    "publicationYear": 1992,
    "publisher": "Brill",
    "resourceLinks": [
      {
        "label": "View the journal article",
        "purpose": "publisher",
        "url": "https://doi.org/10.1163/22134379-90003145",
      },
      {
        "label": "Read the author-uploaded article",
        "purpose": "authorized-reading",
        "url": "https://www.researchgate.net/publication/41017572_Dynamics_and_dynamite_Minangkabau_urban_landownership_in_the_1990s",
      },
    ],
    "sourceType": "article",
    "title": "Dynamics and Dynamite: Minangkabau Urban Landownership in the 1990s",
    "workId": "colombijn-padang-landownership-work",
  },
]
`;

exports[`Minangkabau matriliny, property, and authority > locks every Statement, Source manifestation, and citation tuple > statements 1`] = `
[
  {
    "id": "matriliny-maternal-descent-definition",
    "label": "Matriliny traces descent through mothers",
    "statementKind": "definition",
    "text": "Mardoni defines Minangkabau matriliny as a kinship system in which people trace descent through their mother and earlier women in that maternal line.",
  },
  {
    "id": "matrilocality-residence-distinction",
    "label": "Matrilocality concerns residence after marriage",
    "statementKind": "definition",
    "text": "Sanday describes husbands moving into their wives’ households in the community she studied; that residence pattern is matrilocality and should not be inferred from matriliny alone.",
  },
  {
    "id": "matriliny-does-not-fix-authority",
    "label": "Matriliny does not settle authority",
    "statementKind": "editorial-interpretation",
    "text": "Maternal-line descent does not by itself establish residence, control of property, political office, or equality; those arrangements must be observed separately in a specified place and period.",
  },
  {
    "id": "matriarchy-rule-by-women-dispute",
    "label": "Matriarchy has disputed meanings",
    "statementKind": "editorial-interpretation",
    "text": "Sanday rejects ‘rule by women’ as the only meaning of matriarchy and instead interprets Minangkabau matriarchaat through maternal meanings, cooperation, and women’s centrality in family and property customs.",
  },
  {
    "id": "minangkabau-power-varies-by-relation",
    "label": "Power varies across relationships",
    "statementKind": "editorial-interpretation",
    "text": "Blackwood argues from one late-twentieth-century village that women exercised power as heirs, household heads, land controllers, and participants in kin networks even while men claimed formal authority as maternal uncles or titled leaders.",
  },
  {
    "id": "minangkabau-practices-historically-changing",
    "label": "Matrilineal practices change historically",
    "statementKind": "observation",
    "text": "Sebastian situates Minangkabau matrilineal practices amid colonial rule, markets, Islamic reform, legislation, and other social changes rather than treating custom and religion as fixed opposites.",
  },
  {
    "id": "adat-translation-boundary",
    "label": "Adat is broader than a single rulebook",
    "statementKind": "definition",
    "text": "In this guide, adat retains the local term for customs, beliefs, norms, and laws; translating it only as ‘customary law’ would narrow the practices examined by the sources.",
  },
  {
    "id": "nagari-translation-boundary",
    "label": "Nagari joins community and government",
    "statementKind": "definition",
    "text": "Nagari is retained for a West Sumatran community and territorial jurisdiction whose customary institutions interact with Indonesian village administration; it is not treated as interchangeable with village in every period.",
  },
  {
    "id": "minangkabau-legal-orders-interact",
    "label": "Adat, Islamic, and state institutions interact",
    "statementKind": "observation",
    "text": "Studies of Minangkabau institutions describe adat, Islamic reform and authority, and Indonesian law and administration as distinct but interacting orders whose relationship has changed over time.",
  },
  {
    "id": "minangkabau-ancestral-acquired-property-distinction",
    "label": "Ancestral and acquired property are distinct categories",
    "statementKind": "observation",
    "text": "In 1990s Padang, Colombijn distinguishes high ancestral property from harta pencaharian acquired through a person’s own efforts; that urban evidence clarifies the categories but does not establish the holdings or rules in Koto Tinggi or Bonjol.",
  },
  {
    "id": "koto-tinggi-minangkabau-adat-context",
    "label": "Koto Tinggi’s institutions were presented in an adat context",
    "statementKind": "observation",
    "text": "Nurdin presents Koto Tinggi as a Minangkabau nagari in which revived adat institutions interacted with post-decentralization public administration; the study does not separately document descent or postmarital residence there.",
  },
  {
    "id": "koto-tinggi-fieldwork-scope",
    "label": "Koto Tinggi evidence has a narrow fieldwork base",
    "statementKind": "observation",
    "text": "Nurdin’s Koto Tinggi case rests on observation, interviews, a focus group, and document study conducted in October 2016, but the article does not report participant counts or identify whose testimony represented women’s experience.",
  },
  {
    "id": "koto-tinggi-three-institutions",
    "label": "Koto Tinggi had three principal institutions",
    "statementKind": "observation",
    "text": "Under Agam Regulation 12 of 2007, Koto Tinggi’s nagari structure comprised an elected wali nagari and executive staff, a representative Nagari Council, and a Kerapatan Adat Nagari customary council drawn from kin groups.",
  },
  {
    "id": "koto-tinggi-formal-participation-rules",
    "label": "Formal planning rules included women’s-group delegates",
    "statementKind": "observation",
    "text": "Nurdin reports that the Nagari Council convened development meetings whose invited delegates included representatives of women’s groups.",
  },
  {
    "id": "koto-tinggi-formal-decision-rule",
    "label": "Formal meetings required quorum and preferred consensus",
    "statementKind": "observation",
    "text": "The formal meeting procedure required a two-thirds quorum and preferred consensus after participants could speak, with majority voting available if consensus failed.",
  },
  {
    "id": "koto-tinggi-customary-council-contestation",
    "label": "Customary leaders contested the dual-council design",
    "statementKind": "observation",
    "text": "The Koto Tinggi customary-council head and another adat leader told Nurdin that the representative council displaced the customary council from legislative work, while the formal design kept both councils.",
  },
  {
    "id": "koto-tinggi-budget-rules-in-use",
    "label": "The 2016 budget meeting exposed rules-in-use",
    "statementKind": "observation",
    "text": "In 2016 the wali nagari delivered a draft budget too late for review, and council members secured a one-week postponement.",
  },
  {
    "id": "koto-tinggi-budget-consensus",
    "label": "The reconvened budget meeting reached consensus",
    "statementKind": "observation",
    "text": "The reconvened 2016 meeting reached consensus on allocations for infrastructure, housing repairs, and scholarships.",
  },
  {
    "id": "koto-tinggi-administrative-capacity-limit",
    "label": "Administrative capacity constrained implementation",
    "statementKind": "observation",
    "text": "Nurdin reports incomplete planning documents, unspent funds, and difficulty meeting accounting requirements in Koto Tinggi.",
  },
  {
    "id": "koto-tinggi-regulatory-preparation-limit",
    "label": "Council members reported inadequate regulatory preparation",
    "statementKind": "observation",
    "text": "Council members told Nurdin that nagari personnel had not been adequately prepared for changing regulations.",
  },
  {
    "id": "bonjol-study-method-and-voice",
    "label": "Bonjol evidence combines several limited methods",
    "statementKind": "observation",
    "text": "The Bonjol study collected data from January through April 2016 through four months of participant observation, 13 key-informant interviews, agency records, and a random household sample of 27 married women.",
  },
  {
    "id": "bonjol-new-nagari-forest-transition",
    "label": "Administrative and forest transitions changed control",
    "statementKind": "observation",
    "text": "The Bonjol study reports that decentralization ended desa administration around 2000 and Bonjol became a separate nagari.",
  },
  {
    "id": "bonjol-concession-end-transition",
    "label": "A concession ending changed forest access",
    "statementKind": "observation",
    "text": "When a forest concession ended in 2002, Melayu-clan leaders and state and company actors negotiated access to land claimed both as state forest and ulayat.",
  },
  {
    "id": "bonjol-ulayat-formal-distinction",
    "label": "Ulayat joined collective claims and delegated management",
    "statementKind": "observation",
    "text": "The study describes Melayu-clan ulayat as collectively held land to which clan members could seek access.",
  },
  {
    "id": "bonjol-ulayat-delegated-management",
    "label": "Named officeholders managed ulayat for the clan",
    "statementKind": "observation",
    "text": "A Datuak, or titled customary leader, and mamak kepala waris, maternal-kin property managers, managed the Melayu clan’s ulayat rather than owning it personally.",
  },
  {
    "id": "bonjol-harta-pusaka-transition",
    "label": "Cleared land entered a different inheritance category",
    "statementKind": "observation",
    "text": "The authors report that forest land opened for cultivation became harta pusaka—rendered harato pusako in their article—ancestral property transmitted through the female line, which did not give women the same authority as male officeholders to negotiate forest access.",
  },
  {
    "id": "bonjol-bundo-kanduang-role",
    "label": "Bundo Kanduang was an advisory maternal role",
    "statementKind": "observation",
    "text": "The Bonjol authors describe Bundo Kanduang as a respected senior maternal figure who could advise customary leaders; the title did not give every woman control of ulayat decisions.",
  },
  {
    "id": "bonjol-ulayat-sales-rules-in-use",
    "label": "Leaders sold access contrary to stated custom",
    "statementKind": "observation",
    "text": "Key informants reported that male customary officeholders facilitated transactions giving officials and other outsiders access to large areas of Melayu-clan ulayat, contrary to the customary rule described by the authors.",
  },
  {
    "id": "bonjol-neshp-formal-promise",
    "label": "The oil-palm agreement promised household plots",
    "statementKind": "observation",
    "text": "An agreement negotiated by male clan representatives called for 1,000 hectares of oil-palm smallholdings to be divided into two-hectare plots for 500 Bonjol households as compensation for transferred land.",
  },
  {
    "id": "bonjol-neshp-distribution-practice",
    "label": "Observed plot distribution departed from the promise",
    "statementKind": "observation",
    "text": "The study reports that male signatories controlled the recipient list for the promised smallholdings.",
  },
  {
    "id": "bonjol-neshp-exclusion-outcome",
    "label": "The reported distribution favored associates and excluded members",
    "statementKind": "observation",
    "text": "The authors report that the recipient list favored signatories’ relatives and associates and excluded many Melayu-clan members.",
  },
  {
    "id": "bonjol-women-testimony-limit",
    "label": "Women’s testimony showed anger and constrained voice",
    "statementKind": "observation",
    "text": "Researchers report that many women declined to discuss the contested land practices.",
  },
  {
    "id": "bonjol-five-women-testimony",
    "label": "Five women described losses and weak influence",
    "statementKind": "observation",
    "text": "A group of five Melayu women described anger, lost income, and an inability to influence male kin who represented the clan publicly.",
  },
  {
    "id": "bonjol-authors-causal-interpretation",
    "label": "The authors proposed several causes of unequal control",
    "statementKind": "causal-hypothesis",
    "text": "Mutolib and colleagues attribute women’s weak influence partly to education, early marriage, gender norms, lack of a forum, and dependence on male customary representatives, but their small cross-sectional study cannot isolate those causes.",
  },
  {
    "id": "bonjol-no-minangkabau-generalization",
    "label": "The Bonjol findings are not society-wide",
    "statementKind": "observation",
    "text": "The authors explicitly caution that findings about Melayu-clan forest management in Bonjol should not be generalized to ulayat practice or women’s position across Minangkabau communities.",
  },
  {
    "id": "nagari-law-changed-after-cases",
    "label": "The provincial nagari framework changed after both studies",
    "statementKind": "observation",
    "text": "West Sumatra Regulation 7 of 2018 later established a provincial framework for nagari as customary-law community government, so the formal rules documented in the 2016 case studies should not be presented as the current provincial design.",
  },
]
`;
