// Vitest Snapshot v1, https://vitest.dev/guide/snapshot.html

exports[`monarchy evidence and boundaries > freezes the complete monarchy entity and relationship ledger 1`] = `
{
  "entities": [
    {
      "description": "A configuration in which a monarch serves as head of state while ministers responsible to a legislature conduct government.",
      "externalRefs": [
        {
          "checkedAt": "2026-09-06",
          "language": "en",
          "purpose": "orientation",
          "system": "wikipedia",
          "url": "https://en.wikipedia.org/wiki/Constitutional_monarchy",
        },
      ],
      "id": "constitutional-parliamentary-monarchy",
      "kind": "approach",
      "label": "Constitutional parliamentary monarchy",
      "publicationStatus": "reviewed",
      "scope": "A formal constitutional arrangement; it does not by itself establish democratic competition, practical powerlessness, or one British-derived convention.",
    },
    {
      "description": "A monarch holds the head-of-state office while ministers responsible through a legislature conduct government; formal constitutional design does not by itself establish democratic practice or a powerless monarch.",
      "id": "constitutional-parliamentary-monarchy-dossier",
      "kind": "dossier",
      "label": "Constitutional parliamentary monarchy dossier",
      "publicationStatus": "reviewed",
      "reviewedAt": "2026-09-06",
      "sections": [
        {
          "body": "Ministerial advice, delegated state acts, and reserve discretion must be traced separately.
Japan and Tonga illustrate different allocations under specific constitutional settlements rather than one inherited model.",
          "heading": "How is authority allocated?",
          "id": "design",
          "statementIds": [
            "monarchy-formal-practice-boundary",
            "monarchy-reserve-delegated-boundary",
            "japan-emperor-cabinet-advice",
            "tonga-2010-government-formation",
          ],
          "traceStatus": "qualified",
        },
      ],
      "standfirst": "Constitutional parliamentary monarchy allocates the head-of-state office to a monarch while ministers responsible through a legislature conduct government.
The label identifies a formal arrangement; it does not by itself prove democratic competition or that the monarch never exercises discretion.",
      "standfirstStatementIds": [
        "monarchy-head-roles-boundary",
        "monarchy-democracy-boundary",
      ],
      "subject": {
        "id": "constitutional-parliamentary-monarchy",
        "kind": "approach",
      },
    },
    {
      "description": "Authority to direct or administer government, allocated differently across constitutional and practical arrangements.",
      "externalRefs": [
        {
          "checkedAt": "2026-09-06",
          "language": "en",
          "purpose": "orientation",
          "system": "wikipedia",
          "url": "https://en.wikipedia.org/wiki/Executive_(government)",
        },
      ],
      "id": "executive-authority",
      "kind": "concept",
      "label": "Executive authority",
      "publicationStatus": "reviewed",
      "schemeIds": [
        "political-economic-ideas",
      ],
      "scopeNote": "Separate formal grants, delegated official acts, reserve powers, and authority exercised in practice.",
    },
    {
      "description": "A configuration in which a ruling dynasty staffs important offices and the monarch retains governing authority.",
      "id": "executive-dynastic-monarchy",
      "kind": "approach",
      "label": "Executive dynastic monarchy",
      "publicationStatus": "reviewed",
      "scope": "Herb's analysis of selected dynastic monarchies, not a classification inherited by every monarchy or dynasty.",
    },
    {
      "description": "The monarch retains governing authority while other ruling-family members participate in important offices and decisions; the configuration is not reducible to personal rule.",
      "id": "executive-dynastic-monarchy-dossier",
      "kind": "dossier",
      "label": "Executive dynastic monarchy dossier",
      "publicationStatus": "reviewed",
      "reviewedAt": "2026-09-06",
      "sections": [
        {
          "body": "Saudi Arabia's Basic Law states that the King shall be prime minister, but a September 2022 royal order appointed Crown Prince Mohammed bin Salman to that office as an express exception.
Herb's accessible chapter supplies the narrower analytical distinction: in dynastic monarchy, ruling-family members participate broadly in government, including through cabinet and other senior offices.
Formal executive authority, succession, family membership, and rules in use remain distinct questions.",
          "heading": "What makes the arrangement dynastic?",
          "id": "design",
          "statementIds": [
            "saudi-monarchy-basic-law",
            "saudi-succession-designation",
            "saudi-crown-prince-designation",
            "saudi-basic-law-king-prime-minister-clause",
            "saudi-2022-crown-prince-prime-minister",
            "saudi-dynastic-rules-in-use",
            "saudi-ruling-family-institution-herb",
            "monarchy-authoritarian-boundary",
          ],
          "traceStatus": "qualified",
        },
      ],
      "standfirst": "Executive dynastic monarchy combines governing authority in the monarch with participation by other ruling-family members in important offices and decisions.
Herb's category is an attributed analysis of selected dynastic monarchies, not a synonym for every monarchy, absolute power, or personal rule.",
      "standfirstStatementIds": [
        "saudi-basic-law-king-prime-minister-clause",
        "saudi-2022-crown-prince-prime-minister",
        "saudi-dynastic-rules-in-use",
        "saudi-ruling-family-institution-herb",
      ],
      "subject": {
        "id": "executive-dynastic-monarchy",
        "kind": "approach",
      },
    },
    {
      "contributorDisplay": [
        "Michael Herb",
      ],
      "description": "The consulted manifestation of All in the Family: Absolutism, Revolution, and Democracy in Middle Eastern Monarchies: All in the Family, chapter 1 extract.",
      "id": "herb-all-in-family-source",
      "kind": "source",
      "label": "All in the Family, chapter 1 extract",
      "publicationStatus": "reviewed",
      "publicationYear": 1999,
      "publisher": "State University of New York Press",
      "resourceLinks": [
        {
          "label": "Open the consulted manifestation",
          "purpose": "authorized-reading",
          "url": "https://michaelherb.net/aitf01.pdf",
        },
      ],
      "sourceType": "edition",
      "title": "All in the Family, chapter 1 extract",
      "workId": "herb-all-in-family-work",
    },
    {
      "description": "The non-fiction work underlying the cited source: All in the Family: Absolutism, Revolution, and Democracy in Middle Eastern Monarchies.",
      "id": "herb-all-in-family-work",
      "kind": "work",
      "label": "All in the Family: Absolutism, Revolution, and Democracy in Middle Eastern Monarchies",
      "originalPublicationYear": 1999,
      "publicationStatus": "reviewed",
      "title": "All in the Family: Absolutism, Revolution, and Democracy in Middle Eastern Monarchies",
      "workType": "book",
    },
    {
      "contributorDisplay": [
        "Elliot Bulmer",
      ],
      "description": "The consulted manifestation of Constitutional Monarchs in Parliamentary Democracies: Constitutional Monarchs in Parliamentary Democracies (second edition, 2017).",
      "id": "idea-constitutional-monarchs-source",
      "kind": "source",
      "label": "Constitutional Monarchs in Parliamentary Democracies (second edition, 2017)",
      "publicationStatus": "reviewed",
      "publicationYear": 2017,
      "publisher": "International IDEA",
      "resourceLinks": [
        {
          "label": "Open the consulted manifestation",
          "purpose": "publisher",
          "url": "https://www.idea.int/sites/default/files/publications/constitutional-monarchs-in-parliamentary-democracies-primer.pdf",
        },
      ],
      "sourceType": "report",
      "title": "Constitutional Monarchs in Parliamentary Democracies (second edition, 2017)",
      "workId": "idea-constitutional-monarchs-work",
    },
    {
      "description": "The non-fiction work underlying the cited source: Constitutional Monarchs in Parliamentary Democracies.",
      "id": "idea-constitutional-monarchs-work",
      "kind": "work",
      "label": "Constitutional Monarchs in Parliamentary Democracies",
      "originalPublicationYear": 2014,
      "publicationStatus": "reviewed",
      "title": "Constitutional Monarchs in Parliamentary Democracies",
      "workType": "report",
    },
    {
      "description": "Japan's Constitution commenced on 3 May 1947",
      "id": "japan-constitution-commencement",
      "kind": "statement",
      "label": "Japan's Constitution commenced on 3 May 1947",
      "publicationStatus": "reviewed",
      "statementKind": "observation",
      "text": "The government-hosted text identifies the Constitution as dated 3 November 1946, and Article 100 provides that it would be enforced after six months had elapsed from promulgation, fixing commencement on 3 May 1947.",
    },
    {
      "contributorDisplay": [
        "Government of Japan",
      ],
      "description": "Japanese Law Translation publishes the Constitution's Japanese text alongside a non-authoritative English reference translation; its disclaimer states that only the Japanese originals have legal effect.",
      "id": "japan-constitution-moj-source",
      "kind": "source",
      "label": "The Constitution of Japan (government reference translation)",
      "publicationStatus": "reviewed",
      "publisher": "Ministry of Justice, Japan",
      "resourceLinks": [
        {
          "label": "Open the government reference translation",
          "purpose": "publisher",
          "url": "https://www.japaneselawtranslation.go.jp/en/laws/view/174",
        },
      ],
      "sourceType": "web-page",
      "title": "The Constitution of Japan",
      "workId": "japan-constitution-work",
    },
    {
      "description": "Japan's postwar constitutional text, promulgated in 1946 and effective in 1947.",
      "id": "japan-constitution-work",
      "kind": "work",
      "label": "The Constitution of Japan",
      "originalPublicationYear": 1946,
      "publicationStatus": "reviewed",
      "reviewedAt": "2026-09-06",
      "title": "The Constitution of Japan",
      "workType": "constitution",
    },
    {
      "description": "Cabinet advice and approval govern state acts",
      "id": "japan-emperor-cabinet-advice",
      "kind": "statement",
      "label": "Cabinet advice and approval govern state acts",
      "publicationStatus": "reviewed",
      "statementKind": "observation",
      "text": "Article 3 requires Cabinet advice and approval for the Emperor's acts in matters of state and makes the Cabinet responsible for them.",
    },
    {
      "description": "Japan enumerates the Emperor's state acts",
      "id": "japan-emperor-enumerated-acts",
      "kind": "statement",
      "label": "Japan enumerates the Emperor's state acts",
      "publicationStatus": "reviewed",
      "statementKind": "observation",
      "text": "Articles 6 and 7 assign appointment and promulgation, convocation, dissolution, attestation, honors, and ceremonial functions to the Emperor under the Constitution's stated conditions.",
    },
    {
      "description": "Japan's Emperor has no governmental powers",
      "id": "japan-emperor-no-government-powers",
      "kind": "statement",
      "label": "Japan's Emperor has no governmental powers",
      "publicationStatus": "reviewed",
      "statementKind": "observation",
      "text": "Article 4 limits the Emperor to acts in matters of state provided by the Constitution and states that he has no powers related to government.",
    },
    {
      "description": "Japan's Constitution defines the Emperor as symbol",
      "id": "japan-emperor-symbol-rule",
      "kind": "statement",
      "label": "Japan's Constitution defines the Emperor as symbol",
      "publicationStatus": "reviewed",
      "statementKind": "observation",
      "text": "Article 1 of Japan's Constitution defines the Tennō (天皇), rendered 'Emperor' in the government-hosted English reference translation, as the symbol of the State and of the unity of the people, deriving his position from the people's will; only the Japanese original has legal effect.",
    },
    {
      "contributorDisplay": [
        "National Diet of Japan",
      ],
      "description": "The consulted manifestation of Imperial House Act: Imperial House Act (e-Gov Japanese text).",
      "id": "japan-imperial-house-law-source",
      "kind": "source",
      "label": "Imperial House Act (e-Gov Japanese text)",
      "publicationStatus": "reviewed",
      "publisher": "Digital Agency, Government of Japan (e-Gov)",
      "resourceLinks": [
        {
          "label": "Open the consulted manifestation",
          "purpose": "publisher",
          "url": "https://laws.e-gov.go.jp/document?lawid=322AC0000000003",
        },
      ],
      "sourceType": "web-page",
      "title": "Imperial House Act (e-Gov Japanese text)",
      "workId": "japan-imperial-house-law-work",
    },
    {
      "description": "The non-fiction work underlying the cited source: Imperial House Act.",
      "id": "japan-imperial-house-law-work",
      "kind": "work",
      "label": "Imperial House Act",
      "originalPublicationYear": 1947,
      "publicationStatus": "reviewed",
      "title": "Imperial House Act",
      "workType": "law",
    },
    {
      "description": "Japan's Emperor performs constitutionally disputed public acts",
      "id": "japan-practice-influence-question",
      "kind": "statement",
      "label": "Japan's Emperor performs constitutionally disputed public acts",
      "publicationStatus": "reviewed",
      "statementKind": "observation",
      "text": "The House of Representatives commission digest reports Prof. Yokota's view that the Emperor performs public acts beyond acts in matters of state, while warning of expansion or political exploitation; this does not establish a separate constitutional governing power.",
    },
    {
      "description": "Japan's statute restricts succession to male-line males",
      "id": "japan-succession-male-line",
      "kind": "statement",
      "label": "Japan's statute restricts succession to male-line males",
      "publicationStatus": "reviewed",
      "statementKind": "observation",
      "text": "Article 1 of the Japanese text of the Imperial House Act limits succession to male offspring in the male line belonging to the Imperial Lineage; the project supplies this English paraphrase rather than claiming an official translation.",
    },
    {
      "asOf": "2026-09-06",
      "conditionStatementIds": [
        "japan-constitution-commencement",
        "japan-emperor-symbol-rule",
      ],
      "description": "A bounded record of Japan's monarchic office under the Constitution effective 3 May 1947; present-day completeness requires review.",
      "endDate": {
        "certainty": "exact",
        "year": 2004,
      },
      "episodeIds": [
        "japan-symbolic-emperorship-episode",
      ],
      "externalRefs": [
        {
          "checkedAt": "2026-09-06",
          "language": "en",
          "purpose": "orientation",
          "system": "wikipedia",
          "url": "https://en.wikipedia.org/wiki/Emperor_of_Japan",
        },
      ],
      "freshness": "review-needed",
      "id": "japan-symbolic-emperorship-1947-2004",
      "kind": "case",
      "label": "Japan under the 1947 Constitution",
      "lastReviewedAt": "2026-09-06",
      "locationIds": [
        "japan",
      ],
      "publicationStatus": "reviewed",
      "scope": "The constitutional design and documented public practice of the Emperor's office in the consulted 1947–2004 evidence record; not prewar imperial government, later institutional continuity, or a general classification of Japanese politics.",
      "selectionRationale": "Separates a hereditary office and civic symbolism from governmental power while keeping statutory succession and public practice visible.",
      "startDate": {
        "certainty": "exact",
        "day": 3,
        "month": 5,
        "year": 1947,
      },
    },
    {
      "caseId": "japan-symbolic-emperorship-1947-2004",
      "conditionStatementIds": [
        "japan-constitution-commencement",
        "japan-emperor-symbol-rule",
      ],
      "description": "The constitutional episode beginning when Japan's postwar Constitution took effect.",
      "endDate": {
        "certainty": "exact",
        "year": 2004,
      },
      "externalRefs": [
        {
          "checkedAt": "2026-09-06",
          "language": "en",
          "purpose": "orientation",
          "system": "wikipedia",
          "url": "https://en.wikipedia.org/wiki/Emperor_of_Japan",
        },
      ],
      "formalRuleStatementIds": [
        "japan-emperor-no-government-powers",
        "japan-emperor-cabinet-advice",
        "japan-emperor-enumerated-acts",
        "japan-succession-male-line",
      ],
      "id": "japan-symbolic-emperorship-episode",
      "interactionStatementIds": [],
      "kind": "case-episode",
      "label": "Postwar symbolic emperorship evidence, 1947–2004",
      "locationIds": [
        "japan",
      ],
      "outcomeStatementIds": [],
      "publicationStatus": "reviewed",
      "ruleInUseStatementIds": [
        "japan-practice-influence-question",
      ],
      "scope": "Selected formal state acts, succession law, and documented performance of the symbolic office; not a current institutional census.",
      "startDate": {
        "certainty": "exact",
        "day": 3,
        "month": 5,
        "year": 1947,
      },
    },
    {
      "description": "Arrangements by which ministers or other officeholders answer to, retain the confidence of, or may be removed through a legislature.",
      "externalRefs": [
        {
          "checkedAt": "2026-09-06",
          "language": "en",
          "purpose": "orientation",
          "system": "wikipedia",
          "url": "https://en.wikipedia.org/wiki/Accountability",
        },
      ],
      "id": "legislative-accountability",
      "kind": "concept",
      "label": "Legislative accountability",
      "publicationStatus": "reviewed",
      "schemeIds": [
        "political-economic-ideas",
      ],
      "scopeNote": "Formal responsibility rules do not alone establish competitive elections or effective scrutiny.",
    },
    {
      "contributorDisplay": [
        "Helen Chapin Metz",
      ],
      "description": "The consulted manifestation of Saudi Arabia: A Country Study: Saudi Arabia: A Country Study (1993 edition).",
      "id": "loc-saudi-country-study-source",
      "kind": "source",
      "label": "Saudi Arabia: A Country Study (1993 edition)",
      "publicationStatus": "reviewed",
      "publicationYear": 1993,
      "publisher": "Library of Congress",
      "resourceLinks": [
        {
          "label": "Open the consulted manifestation",
          "purpose": "library",
          "url": "https://tile.loc.gov/storage-services/master/frd/frdcstdy/sa/saudiarabiacount00metz_0/saudiarabiacount00metz_0.pdf",
        },
      ],
      "sourceType": "edition",
      "title": "Saudi Arabia: A Country Study (1993 edition)",
      "workId": "loc-saudi-country-study-work",
    },
    {
      "description": "The non-fiction work underlying the cited source: Saudi Arabia: A Country Study.",
      "id": "loc-saudi-country-study-work",
      "kind": "work",
      "label": "Saudi Arabia: A Country Study",
      "originalPublicationYear": 1993,
      "publicationStatus": "reviewed",
      "title": "Saudi Arabia: A Country Study",
      "workType": "book",
    },
    {
      "description": "Rules and practices for selecting the next holder of a monarchic office.",
      "externalRefs": [
        {
          "checkedAt": "2026-09-06",
          "language": "en",
          "purpose": "orientation",
          "system": "wikipedia",
          "url": "https://en.wikipedia.org/wiki/Order_of_succession",
        },
      ],
      "id": "monarchic-succession",
      "kind": "concept",
      "label": "Monarchic succession",
      "publicationStatus": "reviewed",
      "schemeIds": [
        "political-economic-ideas",
      ],
      "scopeNote": "Keep hereditary, elective, rotational, designated, and disputed succession independently visible.",
    },
    {
      "description": "A family of arguments or movements favoring monarchy, distinct from the existence of a monarchic office.",
      "externalRefs": [
        {
          "checkedAt": "2026-09-06",
          "language": "en",
          "purpose": "orientation",
          "system": "wikipedia",
          "url": "https://en.wikipedia.org/wiki/Monarchism",
        },
        {
          "checkedAt": "2026-09-06",
          "id": "Q216669",
          "match": "exact",
          "purpose": "identity",
          "system": "wikidata",
          "url": "https://www.wikidata.org/wiki/Q216669",
        },
      ],
      "id": "monarchism",
      "kind": "concept",
      "label": "Monarchism",
      "publicationStatus": "reviewed",
      "schemeIds": [
        "political-economic-ideas",
      ],
      "scopeNote": "A monarchy need not express one monarchist doctrine, and a monarchist position is not itself a governmental office.",
    },
    {
      "description": "A governmental form organized around a continuing monarchic office whose succession, legal authority, practical power, and public meaning vary.",
      "externalRefs": [
        {
          "checkedAt": "2026-09-06",
          "language": "en",
          "purpose": "orientation",
          "system": "wikipedia",
          "url": "https://en.wikipedia.org/wiki/Monarchy",
        },
        {
          "checkedAt": "2026-09-06",
          "id": "Q7269",
          "match": "exact",
          "purpose": "identity",
          "system": "wikidata",
          "url": "https://www.wikidata.org/wiki/Q7269",
        },
      ],
      "id": "monarchy",
      "kind": "concept",
      "label": "Monarchy",
      "publicationStatus": "reviewed",
      "schemeIds": [
        "political-economic-ideas",
      ],
      "scopeNote": "Do not infer heredity, personal rule, authoritarianism, sacred legitimacy, empire, nobility, or ceremonial powerlessness from the existence of a monarch.",
    },
    {
      "description": "A crown does not establish authoritarianism",
      "id": "monarchy-authoritarian-boundary",
      "kind": "statement",
      "label": "A crown does not establish authoritarianism",
      "publicationStatus": "reviewed",
      "statementKind": "editorial-interpretation",
      "text": "A monarchic form and an authoritarian regime classification answer different questions and must not be inferred from one another.",
    },
    {
      "description": "Colonial rule concerns domination of one people by another",
      "id": "monarchy-colonial-rule-boundary",
      "kind": "statement",
      "label": "Colonial rule concerns domination of one people by another",
      "publicationStatus": "reviewed",
      "statementKind": "definition",
      "text": "The Stanford Encyclopedia of Philosophy defines colonialism as domination involving one people's subjugation by another; the existence of a monarch does not by itself establish that relationship.",
    },
    {
      "description": "Monarchy does not determine democracy",
      "id": "monarchy-democracy-boundary",
      "kind": "statement",
      "label": "Monarchy does not determine democracy",
      "publicationStatus": "reviewed",
      "statementKind": "editorial-interpretation",
      "text": "The presence of a monarch does not establish either democratic accountability or its absence; selection, competition, rights, and ministerial responsibility require separate evidence.",
    },
    {
      "description": "Monarchy is a governmental form organized around a continuing monarchic office. Succession, formal authority, practical power, sacred status, and democratic accountability vary independently.",
      "id": "monarchy-dossier",
      "kind": "dossier",
      "label": "Monarchy dossier",
      "publicationStatus": "reviewed",
      "reviewedAt": "2026-09-06",
      "sections": [
        {
          "body": "The office is not the officeholder, and monarchy is not the same thing as monarchism, a dynasty's tradition, a government's self-description, or an external regime classification.
A monarch may be head of state without being head of government.
Constitutional and parliamentary monarchy describes an allocation of offices and responsibility; it does not by itself prove democracy or a powerless sovereign.
Executive dynastic monarchy describes a different configuration, but it also should not be reduced to one person's rule.",
          "heading": "What can monarchy mean?",
          "id": "meanings",
          "relatedEntityRefs": [
            {
              "id": "monarchism",
              "kind": "concept",
            },
            {
              "id": "constitutional-parliamentary-monarchy",
              "kind": "approach",
            },
            {
              "id": "executive-dynastic-monarchy",
              "kind": "approach",
            },
          ],
          "statementIds": [
            "monarchy-office-form-definition",
            "monarchy-heredity-boundary",
            "monarchy-head-roles-boundary",
            "monarchy-democracy-boundary",
            "monarchy-authoritarian-boundary",
          ],
          "traceStatus": "qualified",
        },
        {
          "body": "Succession rules answer who may occupy the office.
Constitutional rules answer which acts the office may perform, whether ministers advise or direct those acts, and whether any discretion is reserved.
Rules in use answer how those arrangements operate, while symbolic functions and personal influence require their own evidence.",
          "heading": "Which rules need separate examination?",
          "id": "institutions",
          "relatedEntityRefs": [
            {
              "id": "monarchic-succession",
              "kind": "concept",
            },
            {
              "id": "executive-authority",
              "kind": "concept",
            },
            {
              "id": "legislative-accountability",
              "kind": "concept",
            },
          ],
          "statementIds": [
            "monarchy-succession-varies",
            "monarchy-formal-practice-boundary",
            "monarchy-reserve-delegated-boundary",
            "japan-practice-influence-question",
          ],
          "traceStatus": "qualified",
        },
        {
          "body": "Japan's Constitution calls the Tennō (天皇), rendered “Emperor” in the government's non-authoritative English reference translation, the symbol of the State and the unity of the people.
It denies the Emperor governmental powers, requires Cabinet advice and approval for acts in matters of state, and enumerates those acts.
The Imperial House Act separately restricts succession to male offspring in the male line.
The House of Representatives commission digest records Professor Yokota's view that public acts beyond constitutionally enumerated acts risk expansion or political exploitation; the digest does not establish a hidden constitutional governing power.
That 2004 digest is the latest evidence of practice used in this case, so later continuity is not asserted.",
          "heading": "What does Japan's postwar settlement separate?",
          "id": "japan",
          "relatedEntityRefs": [
            {
              "id": "japan-symbolic-emperorship-1947-2004",
              "kind": "case",
            },
          ],
          "statementIds": [
            "japan-constitution-commencement",
            "japan-emperor-symbol-rule",
            "japan-emperor-no-government-powers",
            "japan-emperor-cabinet-advice",
            "japan-emperor-enumerated-acts",
            "japan-succession-male-line",
            "japan-practice-influence-question",
          ],
          "traceStatus": "qualified",
        },
        {
          "body": "The consulted 2013 consolidation specifies a Legislative Assembly with seventeen people's representatives and nine nobles' representatives, alongside Cabinet members, but that text alone does not establish a pre-reform comparison or democratic outcome.
An official Crown Law release records that in December 2010 the King appointed Lord Tu'ivakano prime minister on the Assembly's recommendation; the Constitution also specifies retained royal functions.
The consulted English consolidation should not displace Tongan texts and meanings; how missionary and colonial mediation shaped that record remains an explicit research question.",
          "heading": "What changed in Tonga in 2010?",
          "id": "tonga",
          "relatedEntityRefs": [
            {
              "id": "tonga-constitutional-settlement-2010-2013",
              "kind": "case",
            },
          ],
          "statementIds": [
            "tonga-2013-assembly-composition",
            "tonga-king-appoints-pm",
            "tonga-retained-royal-formal-powers",
            "tonga-cabinet-executive-design",
            "tonga-2010-government-formation",
            "tonga-record-mediation-boundary",
          ],
          "traceStatus": "qualified",
        },
        {
          "body": "Saudi Arabia's 1992 Basic Law declares a monarchy, confines succession to the founder's descendants through an allegiance and designation process, and makes the King head of government.
It grounds governmental authority in al-Qurʾān (القرآن, Qur'an) and al-Sunnah (السنة, Sunnah).
Its Article 56 says the King shall be prime minister, while a September 2022 royal order appointed Crown Prince Mohammed bin Salman to that office as an express exception.
Herb supplies a bounded analytical definition of dynastic monarchy rather than evidence about every current Saudi office.
Those facts support analysis of religious legal authority and dynastic government; neither “theocracy” nor “authoritarianism” follows from the crown without a separate definition and institutional evidence.",
          "heading": "How does Saudi Arabia allocate authority?",
          "id": "saudi-arabia",
          "relatedEntityRefs": [
            {
              "id": "saudi-basic-law-monarchy-1992-2022",
              "kind": "case",
            },
          ],
          "statementIds": [
            "saudi-monarchy-basic-law",
            "saudi-succession-designation",
            "saudi-crown-prince-designation",
            "saudi-basic-law-king-prime-minister-clause",
            "saudi-2022-crown-prince-prime-minister",
            "saudi-religious-law-rule",
            "saudi-theocracy-classification-boundary",
            "saudi-dynastic-rules-in-use",
            "saudi-ruling-family-institution-herb",
          ],
          "traceStatus": "qualified",
        },
        {
          "body": "Japan, Tonga, and Saudi Arabia are bounded contrasts drawn from evidence with different cutoffs, not embodiments of monarchy or claims of present-day completeness.
Empire concerns control over dependent territory, colonial rule concerns domination of one people by another, and nobility names a titled social group; none is synonymous with a monarchic head-of-state office.
Each comparison must state which office, succession rule, formal authority, rule in use, and accountability relationship it is comparing.",
          "heading": "Which neighboring labels should remain separate?",
          "id": "boundaries",
          "statementIds": [
            "monarchy-theocracy-boundary",
            "monarchy-republic-boundary",
            "monarchy-empire-boundary",
            "monarchy-colonial-rule-boundary",
            "monarchy-nobility-boundary",
            "three-cases-nonrepresentative",
          ],
          "traceStatus": "qualified",
        },
      ],
      "standfirst": "Monarchy is a governmental form organized around a continuing monarchic office, but the crown alone does not tell us who succeeds, who governs, or who can hold power to account.
Hereditary, elective, rotational, designated, and disputed succession must be distinguished, as must an office's legal powers, delegated acts, reserve powers, civic functions, and influence in practice.",
      "standfirstStatementIds": [
        "monarchy-office-form-definition",
        "monarchy-succession-varies",
        "monarchy-democracy-boundary",
      ],
      "subject": {
        "id": "monarchy",
        "kind": "concept",
      },
    },
    {
      "description": "Empire concerns domination across territories",
      "id": "monarchy-empire-boundary",
      "kind": "statement",
      "label": "Empire concerns domination across territories",
      "publicationStatus": "reviewed",
      "statementKind": "definition",
      "text": "The Stanford Encyclopedia of Philosophy describes imperialism in terms of political and economic control over dependent territory; that territorial relation is distinct from whether a polity's head of state is a monarch.",
    },
    {
      "addressedStatementIds": [
        "monarchy-formal-practice-boundary",
        "monarchy-reserve-delegated-boundary",
      ],
      "currentLimitation": "The present evidence identifies the distinction but does not compare preselected interventions under common criteria across the three cases.",
      "description": "A focused comparison of legal authority and observed practice.",
      "evidenceNeeded": "Official acts, ministerial records, court decisions, legislative proceedings, and independent histories for specified decisions, including non-use of available powers.",
      "id": "monarchy-formal-power-rules-in-use",
      "kind": "research-obligation",
      "label": "Formal monarchic power and rules in use",
      "obligationStatus": "open",
      "obligationType": "counterevidence",
      "publicationStatus": "reviewed",
      "question": "When do formal powers over appointment, dismissal, legislation, or dissolution predict a monarch's observed interventions?",
      "reviewedAt": "2026-09-06",
      "scope": "The cited Japanese postwar materials, Tonga's 2010 reform and election, and Saudi Arabia's 1992/2005 consolidation plus 2022 order; no inference to current completeness or all monarchies.",
      "statementIds": [],
      "target": {
        "id": "monarchy",
        "kind": "concept",
      },
      "targetSectionId": "institutions",
    },
    {
      "description": "Legal powers and rules in use differ",
      "id": "monarchy-formal-practice-boundary",
      "kind": "statement",
      "label": "Legal powers and rules in use differ",
      "publicationStatus": "reviewed",
      "statementKind": "editorial-interpretation",
      "text": "A constitution's grant of formal authority does not establish how often a monarch exercises it, whether ministers direct the act, or what informal influence accompanies it.",
    },
    {
      "addressedStatementIds": [
        "monarchy-succession-varies",
        "japan-succession-male-line",
        "saudi-succession-designation",
        "saudi-crown-prince-designation",
      ],
      "currentLimitation": "The current sources locate male-line and dynastic restrictions but do not compare how membership loss, marriage, or contested eligibility operates in practice.",
      "description": "A focused distributional comparison of eligibility and membership rules.",
      "evidenceNeeded": "Current succession statutes and decrees in the original language, official translations, genealogical eligibility records, dispute records, and scholarship centered on affected members.",
      "id": "monarchy-gendered-succession-membership",
      "kind": "research-obligation",
      "label": "Gendered succession and dynastic membership",
      "obligationStatus": "open",
      "obligationType": "counterargument",
      "publicationStatus": "reviewed",
      "question": "How do gender, descent line, marriage, adoption, and designation rules distribute eligibility for succession and membership in the dynasty?",
      "reviewedAt": "2026-09-06",
      "scope": "Japan's 1947 Imperial House Act text and Saudi Arabia's Basic Law consolidation through 2005 plus the 2022 order; later changes and other monarchies require separate review.",
      "statementIds": [],
      "target": {
        "id": "monarchy",
        "kind": "concept",
      },
    },
    {
      "description": "Head-of-state and head-of-government roles differ",
      "id": "monarchy-head-roles-boundary",
      "kind": "statement",
      "label": "Head-of-state and head-of-government roles differ",
      "publicationStatus": "reviewed",
      "statementKind": "definition",
      "text": "In a parliamentary monarchy, the monarch holds the head-of-state office while a prime minister and cabinet conduct government and answer through political institutions.",
    },
    {
      "description": "Hereditary succession is not definitional",
      "id": "monarchy-heredity-boundary",
      "kind": "statement",
      "label": "Hereditary succession is not definitional",
      "publicationStatus": "reviewed",
      "statementKind": "definition",
      "text": "International IDEA distinguishes hereditary monarchy from arrangements in which a monarch is selected or confirmed by another procedure.",
    },
    {
      "description": "Nobility names a titled social group",
      "id": "monarchy-nobility-boundary",
      "kind": "statement",
      "label": "Nobility names a titled social group",
      "publicationStatus": "reviewed",
      "statementKind": "definition",
      "text": "Oxford Advanced Learner's Dictionary defines the nobility as people of high social position bearing titles such as duke or duchess; that social category is not the monarchic office itself.",
    },
    {
      "description": "A monarchic office does not settle succession or practical power",
      "id": "monarchy-office-form-definition",
      "kind": "statement",
      "label": "A monarchic office does not settle succession or practical power",
      "publicationStatus": "reviewed",
      "statementKind": "editorial-interpretation",
      "text": "A monarchic head-of-state office can be analyzed separately from succession, formal authority, and practical power; International IDEA supplies evidence only for the narrower parliamentary-constitutional comparison.",
    },
    {
      "addressedStatementIds": [
        "monarchy-formal-practice-boundary",
        "japan-practice-influence-question",
      ],
      "currentLimitation": "Public ceremony and access may coexist with private consultation, but the current sources do not trace a comparable decision process in each case.",
      "description": "A focused question separating access and persuasion from legal discretion.",
      "evidenceNeeded": "Contemporaneous correspondence, diaries, cabinet or palace records, participant testimony, and the legal instrument governing the same decision.",
      "id": "monarchy-personal-influence-reserve-power",
      "kind": "research-obligation",
      "label": "Personal influence, delegated acts, and reserve power",
      "obligationStatus": "open",
      "obligationType": "research-gap",
      "publicationStatus": "reviewed",
      "question": "How can personal influence be distinguished from ministerially directed official acts and legally reserved discretion in a named monarchic decision?",
      "reviewedAt": "2026-09-06",
      "scope": "Named decisions within one bounded reign and constitutional period; reputation or visibility alone is not influence.",
      "statementIds": [],
      "target": {
        "id": "monarchy",
        "kind": "concept",
      },
      "targetSectionId": "institutions",
    },
    {
      "description": "Monarchy and republic identify different head-of-state choices",
      "id": "monarchy-republic-boundary",
      "kind": "statement",
      "label": "Monarchy and republic identify different head-of-state choices",
      "publicationStatus": "reviewed",
      "statementKind": "editorial-interpretation",
      "text": "For parliamentary constitution-building, International IDEA frames hereditary monarchy and an elected presidency as alternative choices for the head-of-state office, while warning that historical and political context shapes that choice.",
    },
    {
      "description": "Reserve and delegated acts need separate analysis",
      "id": "monarchy-reserve-delegated-boundary",
      "kind": "statement",
      "label": "Reserve and delegated acts need separate analysis",
      "publicationStatus": "reviewed",
      "statementKind": "definition",
      "text": "International IDEA distinguishes powers ordinarily exercised on ministerial advice from limited situations in which a constitutional monarch may act with discretion.",
    },
    {
      "description": "Succession rules vary",
      "id": "monarchy-succession-varies",
      "kind": "statement",
      "label": "Succession rules vary",
      "publicationStatus": "reviewed",
      "statementKind": "definition",
      "text": "Within its limited survey, International IDEA contrasts hereditary succession with Malaysia's selection and rotation among state rulers and nomination of a crown prince in some Arab states.",
    },
    {
      "description": "Sacred legitimation is not theocracy",
      "id": "monarchy-theocracy-boundary",
      "kind": "statement",
      "label": "Sacred legitimation is not theocracy",
      "publicationStatus": "reviewed",
      "statementKind": "editorial-interpretation",
      "text": "Religious status or sacred language attached to a monarch does not by itself establish that clerical institutions govern or that religious law controls every public authority.",
    },
    {
      "contributorDisplay": [
        "Oxford University Press",
      ],
      "description": "The consulted manifestation of Oxford Advanced Learner's Dictionary entry: nobility.",
      "id": "oxford-nobility-definition-source",
      "kind": "source",
      "label": "Oxford Advanced Learner's Dictionary entry: nobility",
      "publicationStatus": "reviewed",
      "publisher": "Oxford University Press",
      "resourceLinks": [
        {
          "label": "Open the consulted manifestation",
          "purpose": "publisher",
          "url": "https://www.oxfordlearnersdictionaries.com/us/definition/english/nobility",
        },
      ],
      "sourceType": "web-page",
      "title": "Oxford Advanced Learner's Dictionary entry: nobility",
      "workId": "oxford-nobility-definition-work",
    },
    {
      "description": "The non-fiction work underlying the cited source: Oxford Advanced Learner's Dictionary entry: nobility.",
      "id": "oxford-nobility-definition-work",
      "kind": "work",
      "label": "Oxford Advanced Learner's Dictionary entry: nobility",
      "publicationStatus": "reviewed",
      "title": "Oxford Advanced Learner's Dictionary entry: nobility",
      "workType": "other",
    },
    {
      "description": "A 2022 royal order appointed the Crown Prince as Prime Minister",
      "id": "saudi-2022-crown-prince-prime-minister",
      "kind": "statement",
      "label": "A 2022 royal order appointed the Crown Prince as Prime Minister",
      "publicationStatus": "reviewed",
      "statementKind": "observation",
      "text": "On 27 September 2022, a royal order appointed Crown Prince Mohammed bin Salman as Prime Minister as an express exception to Article 56, while reserving the King's chairing of Cabinet sessions he attends.",
    },
    {
      "description": "The geographic boundary for the Saudi Basic Law case.",
      "externalRefs": [
        {
          "checkedAt": "2026-09-06",
          "language": "en",
          "purpose": "orientation",
          "system": "wikipedia",
          "url": "https://en.wikipedia.org/wiki/Saudi_Arabia",
        },
        {
          "checkedAt": "2026-09-06",
          "id": "Q851",
          "match": "exact",
          "purpose": "identity",
          "system": "wikidata",
          "url": "https://www.wikidata.org/wiki/Q851",
        },
      ],
      "id": "saudi-arabia",
      "kind": "place",
      "label": "Saudi Arabia",
      "placeType": "country",
      "publicationStatus": "reviewed",
    },
    {
      "description": "The Basic Law names the King as Prime Minister",
      "id": "saudi-basic-law-king-prime-minister-clause",
      "kind": "statement",
      "label": "The Basic Law names the King as Prime Minister",
      "publicationStatus": "reviewed",
      "statementKind": "observation",
      "text": "Articles 55 and 56 of the consulted Basic Law consolidation assign the King supervision of general state policy and state that the King shall be Prime Minister.",
    },
    {
      "asOf": "2026-09-06",
      "conditionStatementIds": [
        "saudi-monarchy-basic-law",
        "saudi-religious-law-rule",
      ],
      "description": "A bounded record of the 1992 Basic Law consolidation and the September 2022 prime-minister exception; later amendments require review.",
      "endDate": {
        "certainty": "exact",
        "day": 27,
        "month": 9,
        "year": 2022,
      },
      "episodeIds": [
        "saudi-basic-law-monarchy-episode",
      ],
      "externalRefs": [
        {
          "checkedAt": "2026-09-06",
          "language": "en",
          "purpose": "orientation",
          "system": "wikipedia",
          "url": "https://en.wikipedia.org/wiki/Politics_of_Saudi_Arabia",
        },
      ],
      "freshness": "review-needed",
      "id": "saudi-basic-law-monarchy-1992-2022",
      "kind": "case",
      "label": "Saudi Arabia under the 1992 Basic Law",
      "lastReviewedAt": "2026-09-06",
      "locationIds": [
        "saudi-arabia",
      ],
      "publicationStatus": "reviewed",
      "scope": "The Basic Law's formal allocation of monarchy, succession, executive authority, and religious legal grounding, the 2022 prime-minister exception, and Herb's bounded analytical definition; not every Saudi institution or later decree.",
      "selectionRationale": "Contrasts an executive dynastic monarchy with parliamentary and symbolic arrangements without deriving authoritarianism or theocracy from the crown.",
      "startDate": {
        "certainty": "exact",
        "day": 1,
        "month": 3,
        "year": 1992,
      },
    },
    {
      "caseId": "saudi-basic-law-monarchy-1992-2022",
      "conditionStatementIds": [
        "saudi-monarchy-basic-law",
      ],
      "description": "The evidence-bounded episode from the 1992 Basic Law through the September 2022 royal order.",
      "endDate": {
        "certainty": "exact",
        "day": 27,
        "month": 9,
        "year": 2022,
      },
      "externalRefs": [
        {
          "checkedAt": "2026-09-06",
          "language": "en",
          "purpose": "orientation",
          "system": "wikipedia",
          "url": "https://en.wikipedia.org/wiki/Politics_of_Saudi_Arabia",
        },
      ],
      "formalRuleStatementIds": [
        "saudi-succession-designation",
        "saudi-crown-prince-designation",
        "saudi-basic-law-king-prime-minister-clause",
        "saudi-religious-law-rule",
      ],
      "id": "saudi-basic-law-monarchy-episode",
      "interactionStatementIds": [
        "saudi-theocracy-classification-boundary",
      ],
      "kind": "case-episode",
      "label": "Basic Law evidence, 1992–2022",
      "locationIds": [
        "saudi-arabia",
      ],
      "outcomeStatementIds": [],
      "publicationStatus": "reviewed",
      "ruleInUseStatementIds": [
        "saudi-2022-crown-prince-prime-minister",
      ],
      "scope": "The consulted 2005 Basic Law consolidation, Herb's 1999 analytical definition, and the September 2022 royal order; not a current consolidation.",
      "startDate": {
        "certainty": "exact",
        "day": 1,
        "month": 3,
        "year": 1992,
      },
    },
    {
      "contributorDisplay": [
        "Kingdom of Saudi Arabia",
      ],
      "description": "The consulted manifestation of Basic Law of Governance (1992, amendments through 2005): Saudi Arabia 1992 (rev. 2005), Constitute PDF generated 30 June 2026.",
      "id": "saudi-basic-law-source",
      "kind": "source",
      "label": "Saudi Arabia 1992 (rev. 2005), Constitute PDF generated 30 June 2026",
      "publicationStatus": "reviewed",
      "publicationYear": 2026,
      "publisher": "Constitute Project",
      "resourceLinks": [
        {
          "label": "Open the consulted manifestation",
          "purpose": "authorized-reading",
          "url": "https://www.constituteproject.org/constitution/Saudi_Arabia_2005.pdf?lang=en",
        },
      ],
      "sourceType": "web-page",
      "title": "Saudi Arabia 1992 (rev. 2005), Constitute PDF generated 30 June 2026",
      "workId": "saudi-basic-law-work",
    },
    {
      "description": "The non-fiction work underlying the cited source: Basic Law of Governance (1992, amendments through 2005).",
      "id": "saudi-basic-law-work",
      "kind": "work",
      "label": "Basic Law of Governance (1992, amendments through 2005)",
      "originalPublicationYear": 1992,
      "publicationStatus": "reviewed",
      "title": "Basic Law of Governance (1992, amendments through 2005)",
      "workType": "law",
    },
    {
      "description": "The King designates the Crown Prince",
      "id": "saudi-crown-prince-designation",
      "kind": "statement",
      "label": "The King designates the Crown Prince",
      "publicationStatus": "reviewed",
      "statementKind": "observation",
      "text": "Article 5(c) provides that the King names the Crown Prince and may relieve him by royal order.",
    },
    {
      "description": "Herb defines dynastic monarchy by family participation in government",
      "id": "saudi-dynastic-rules-in-use",
      "kind": "statement",
      "label": "Herb defines dynastic monarchy by family participation in government",
      "publicationStatus": "reviewed",
      "statementKind": "observation",
      "text": "Herb characterizes dynastic monarchy by the ruling family's broad participation in government, including family members serving in cabinet and other senior state offices.",
    },
    {
      "description": "Saudi Arabia's Basic Law declares a monarchy",
      "id": "saudi-monarchy-basic-law",
      "kind": "statement",
      "label": "Saudi Arabia's Basic Law declares a monarchy",
      "publicationStatus": "reviewed",
      "statementKind": "observation",
      "text": "Article 5(a) of the consulted English consolidation of the 1992 Basic Law states that the system of government in the Kingdom of Saudi Arabia is a monarchy.",
    },
    {
      "description": "The Basic Law grounds government in Islamic sources",
      "id": "saudi-religious-law-rule",
      "kind": "statement",
      "label": "The Basic Law grounds government in Islamic sources",
      "publicationStatus": "reviewed",
      "statementKind": "observation",
      "text": "Articles 1 and 7 identify the Qur'an and Sunnah as the state's constitution and the source of governmental authority.",
    },
    {
      "description": "Herb places Saudi Arabia among family-governed monarchies",
      "id": "saudi-ruling-family-institution-herb",
      "kind": "statement",
      "label": "Herb places Saudi Arabia among family-governed monarchies",
      "publicationStatus": "reviewed",
      "statementKind": "observation",
      "text": "Herb includes Saudi Arabia among monarchies organized through extensive ruling-family participation, rather than systems in which a monarch governs without relatives in cabinet.",
    },
    {
      "description": "The Basic Law bounds succession to the founder's descendants",
      "id": "saudi-succession-designation",
      "kind": "statement",
      "label": "The Basic Law bounds succession to the founder's descendants",
      "publicationStatus": "reviewed",
      "statementKind": "observation",
      "text": "Article 5(b) confines rule to the sons and descendants of the founder and provides for allegiance to the most suitable among them.",
    },
    {
      "description": "Religious grounding does not settle a theocracy classification",
      "id": "saudi-theocracy-classification-boundary",
      "kind": "statement",
      "label": "Religious grounding does not settle a theocracy classification",
      "publicationStatus": "reviewed",
      "statementKind": "editorial-interpretation",
      "text": "The Basic Law's religious grounding is evidence about stated legal authority, but classifying Saudi government as theocracy also requires a definition and evidence about which institutions interpret and exercise that authority.",
    },
    {
      "contributorDisplay": [
        "Margaret Kohn",
        "Kavita Reddy",
      ],
      "description": "The consulted manifestation of Colonialism: Colonialism (2023 substantive revision).",
      "id": "sep-colonialism-monarchy-boundaries-source",
      "kind": "source",
      "label": "Colonialism (2023 substantive revision)",
      "publicationStatus": "reviewed",
      "publicationYear": 2023,
      "publisher": "Stanford Encyclopedia of Philosophy",
      "resourceLinks": [
        {
          "label": "Open the consulted manifestation",
          "purpose": "publisher",
          "url": "https://plato.stanford.edu/entries/colonialism/",
        },
      ],
      "sourceType": "web-page",
      "title": "Colonialism (2023 substantive revision)",
      "workId": "sep-colonialism-monarchy-boundaries-work",
    },
    {
      "description": "The non-fiction work underlying the cited source: Colonialism.",
      "id": "sep-colonialism-monarchy-boundaries-work",
      "kind": "work",
      "label": "Colonialism",
      "originalPublicationYear": 2006,
      "publicationStatus": "reviewed",
      "title": "Colonialism",
      "workType": "other",
    },
    {
      "contributorDisplay": [
        "Research Commission on the Constitution",
      ],
      "description": "The consulted manifestation of The Emperor System.",
      "id": "shugiin-emperor-study-source",
      "kind": "source",
      "label": "The Emperor System",
      "publicationStatus": "reviewed",
      "publicationYear": 2004,
      "publisher": "House of Representatives, Japan",
      "resourceLinks": [
        {
          "label": "Open the consulted manifestation",
          "purpose": "publisher",
          "url": "https://www.shugiin.go.jp/Internet/itdb_kenpou.nsf/html/kenpou/chosa/en/20040205sl.htm",
        },
      ],
      "sourceType": "report",
      "title": "The Emperor System",
      "workId": "shugiin-emperor-study-work",
    },
    {
      "description": "The non-fiction work underlying the cited source: The Emperor System.",
      "id": "shugiin-emperor-study-work",
      "kind": "work",
      "label": "The Emperor System",
      "originalPublicationYear": 2004,
      "publicationStatus": "reviewed",
      "title": "The Emperor System",
      "workType": "report",
    },
    {
      "contributorDisplay": [
        "Saudi Press Agency",
      ],
      "description": "The consulted manifestation of Three Royal Orders Issued.",
      "id": "spa-2022-prime-minister-order-source",
      "kind": "source",
      "label": "Three Royal Orders Issued",
      "publicationStatus": "reviewed",
      "publicationYear": 2022,
      "publisher": "Saudi Press Agency",
      "resourceLinks": [
        {
          "label": "Open the consulted manifestation",
          "purpose": "publisher",
          "url": "https://www.spa.gov.sa/2387811",
        },
      ],
      "sourceType": "web-page",
      "title": "Three Royal Orders Issued",
      "workId": "spa-2022-prime-minister-order-work",
    },
    {
      "description": "The non-fiction work underlying the cited source: Three Royal Orders Issued.",
      "id": "spa-2022-prime-minister-order-work",
      "kind": "work",
      "label": "Three Royal Orders Issued",
      "originalPublicationYear": 2022,
      "publicationStatus": "reviewed",
      "title": "Three Royal Orders Issued",
      "workType": "other",
    },
    {
      "description": "A contested classification for government in which religious authority or divine law has a governing institutional role.",
      "externalRefs": [
        {
          "checkedAt": "2026-09-06",
          "language": "en",
          "purpose": "orientation",
          "system": "wikipedia",
          "url": "https://en.wikipedia.org/wiki/Theocracy",
        },
        {
          "checkedAt": "2026-09-06",
          "id": "Q44405",
          "match": "exact",
          "purpose": "identity",
          "system": "wikidata",
          "url": "https://www.wikidata.org/wiki/Q44405",
        },
      ],
      "id": "theocracy",
      "kind": "concept",
      "label": "Theocracy",
      "publicationStatus": "reviewed",
      "schemeIds": [
        "political-economic-ideas",
      ],
      "scopeNote": "Do not infer theocracy from sacred legitimation, an established religion, or religious language without specifying the governing institutions and definition used.",
    },
    {
      "description": "Constitutional-monarchy design varies by context",
      "id": "three-cases-nonrepresentative",
      "kind": "statement",
      "label": "Constitutional-monarchy design varies by context",
      "publicationStatus": "reviewed",
      "statementKind": "editorial-interpretation",
      "text": "International IDEA treats the design of a parliamentary constitutional monarchy as context-dependent and presents its examples as distinct institutional choices rather than one universal settlement.",
    },
    {
      "description": "The geographic boundary for the Tongan constitutional settlement case.",
      "externalRefs": [
        {
          "checkedAt": "2026-09-06",
          "language": "en",
          "purpose": "orientation",
          "system": "wikipedia",
          "url": "https://en.wikipedia.org/wiki/Tonga",
        },
        {
          "checkedAt": "2026-09-06",
          "id": "Q678",
          "match": "exact",
          "purpose": "identity",
          "system": "wikidata",
          "url": "https://www.wikidata.org/wiki/Q678",
        },
      ],
      "id": "tonga",
      "kind": "place",
      "label": "Tonga",
      "placeType": "country",
      "publicationStatus": "reviewed",
    },
    {
      "description": "Tonga's King appointed a Prime Minister recommended by the Assembly in 2010",
      "id": "tonga-2010-government-formation",
      "kind": "statement",
      "label": "Tonga's King appointed a Prime Minister recommended by the Assembly in 2010",
      "publicationStatus": "reviewed",
      "statementKind": "observation",
      "text": "On 22 December 2010, King George Tupou V appointed Lord Tu'ivakano Prime Minister on the recommendation of the Legislative Assembly.",
    },
    {
      "description": "Tonga's 2013 consolidation specifies the Assembly's composition",
      "id": "tonga-2013-assembly-composition",
      "kind": "statement",
      "label": "Tonga's 2013 consolidation specifies the Assembly's composition",
      "publicationStatus": "reviewed",
      "statementKind": "observation",
      "text": "Clauses 59 and 60 of Tonga's amended Constitution provide for an Assembly composed of Cabinet members, seventeen people's representatives, and nine nobles' representatives.",
    },
    {
      "description": "Tonga's Constitution assigns executive authority to Cabinet",
      "id": "tonga-cabinet-executive-design",
      "kind": "statement",
      "label": "Tonga's Constitution assigns executive authority to Cabinet",
      "publicationStatus": "reviewed",
      "statementKind": "observation",
      "text": "Clauses 50A and 51 constitute a Cabinet led by a Prime Minister recommended by the Legislative Assembly and describe Cabinet as the executive authority of government.",
    },
    {
      "addressedStatementIds": [
        "tonga-record-mediation-boundary",
      ],
      "currentLimitation": "The consulted consolidation does not identify its translator or source-text provenance, and the present evidence does not compare versioned Tongan texts, drafting records, or Tongan interpretations.",
      "description": "A provenance question about language, drafting, and institutional translation.",
      "evidenceNeeded": "Versioned Tongan and English constitutional texts, archival drafting correspondence, Tongan-language scholarship, oral-history provenance where appropriate, and histories identifying translators and advisers.",
      "id": "tonga-colonial-missionary-mediation",
      "kind": "research-obligation",
      "label": "Colonial and missionary mediation of Tonga's constitutional record",
      "obligationStatus": "open",
      "obligationType": "research-gap",
      "publicationStatus": "reviewed",
      "question": "Which Tongan actors, missionary advisers, and colonial relationships shaped the 1875 Constitution's categories, translations, and later interpretation?",
      "reviewedAt": "2026-09-06",
      "scope": "The making and later use of Tonga's 1875 constitutional record through the 2010 settlement; not a claim that external mediation displaced Tongan agency.",
      "statementIds": [],
      "target": {
        "id": "monarchy",
        "kind": "concept",
      },
      "targetSectionId": "tonga",
    },
    {
      "contributorDisplay": [
        "Kingdom of Tonga",
      ],
      "description": "The consulted manifestation of Tonga's Constitution of 1875 with Amendments through 2013: Tonga 1875 (rev. 2013), Constitute PDF generated 27 April 2022.",
      "id": "tonga-constitution-constitute-source",
      "kind": "source",
      "label": "Tonga 1875 (rev. 2013), Constitute PDF generated 27 April 2022",
      "publicationStatus": "reviewed",
      "publicationYear": 2022,
      "publisher": "Constitute Project",
      "resourceLinks": [
        {
          "label": "Open the consulted manifestation",
          "purpose": "authorized-reading",
          "url": "https://www.constituteproject.org/constitution/Tonga_2013.pdf",
        },
      ],
      "sourceType": "web-page",
      "title": "Tonga 1875 (rev. 2013), Constitute PDF generated 27 April 2022",
      "workId": "tonga-constitution-constitute-work",
    },
    {
      "description": "The non-fiction work underlying the cited source: Tonga's Constitution of 1875 with Amendments through 2013.",
      "id": "tonga-constitution-constitute-work",
      "kind": "work",
      "label": "Tonga's Constitution of 1875 with Amendments through 2013",
      "originalPublicationYear": 1875,
      "publicationStatus": "reviewed",
      "title": "Tonga's Constitution of 1875 with Amendments through 2013",
      "workType": "constitution",
    },
    {
      "asOf": "2026-09-06",
      "conditionStatementIds": [
        "tonga-record-mediation-boundary",
      ],
      "description": "A bounded record of Tonga's 2010 constitutional reform and election; later operation requires review.",
      "endDate": {
        "certainty": "exact",
        "year": 2013,
      },
      "episodeIds": [
        "tonga-post-reform-monarchy-episode",
      ],
      "externalRefs": [
        {
          "checkedAt": "2026-09-06",
          "language": "en",
          "purpose": "orientation",
          "system": "wikipedia",
          "url": "https://en.wikipedia.org/wiki/Politics_of_Tonga",
        },
      ],
      "freshness": "review-needed",
      "id": "tonga-constitutional-settlement-2010-2013",
      "kind": "case",
      "label": "Tonga's 2010 constitutional settlement",
      "lastReviewedAt": "2026-09-06",
      "locationIds": [
        "tonga",
      ],
      "publicationStatus": "reviewed",
      "scope": "The distribution of authority among the King, Cabinet, and Legislative Assembly after the 2010 reform; not all Tongan political or constitutional history.",
      "selectionRationale": "Shows a specified mixed Assembly composition, Assembly recommendation of a prime minister, and retained royal functions without inferring later operation.",
      "startDate": {
        "certainty": "exact",
        "year": 2010,
      },
    },
    {
      "contributorDisplay": [
        "Crown Law Department, Kingdom of Tonga",
      ],
      "description": "The consulted manifestation of Status of Current Ministers: Status of Current Ministers (24 December 2010 media release).",
      "id": "tonga-crown-law-prime-minister-2010-source",
      "kind": "source",
      "label": "Status of Current Ministers (24 December 2010 media release)",
      "publicationStatus": "reviewed",
      "publicationYear": 2010,
      "publisher": "Attorney General's Office, Kingdom of Tonga",
      "resourceLinks": [
        {
          "label": "Open the consulted manifestation",
          "purpose": "publisher",
          "url": "https://ago.gov.to/cms/ago-materials/publications/media-statements.html?download=172%3Apress-release-24-december-2010&start=20",
        },
      ],
      "sourceType": "web-page",
      "title": "Status of Current Ministers (24 December 2010 media release)",
      "workId": "tonga-crown-law-prime-minister-2010-work",
    },
    {
      "description": "The non-fiction work underlying the cited source: Status of Current Ministers.",
      "id": "tonga-crown-law-prime-minister-2010-work",
      "kind": "work",
      "label": "Status of Current Ministers",
      "originalPublicationYear": 2010,
      "publicationStatus": "reviewed",
      "title": "Status of Current Ministers",
      "workType": "other",
    },
    {
      "description": "Tonga's King appoints the nominated prime minister",
      "id": "tonga-king-appoints-pm",
      "kind": "statement",
      "label": "Tonga's King appoints the nominated prime minister",
      "publicationStatus": "reviewed",
      "statementKind": "observation",
      "text": "The amended Constitution provides for the Legislative Assembly to recommend one of its elected representatives for appointment as Prime Minister by the King.",
    },
    {
      "caseId": "tonga-constitutional-settlement-2010-2013",
      "conditionStatementIds": [
        "tonga-record-mediation-boundary",
      ],
      "description": "The evidence-bounded episode from Tonga's 2010 reform through the consulted 2013 constitutional consolidation.",
      "endDate": {
        "certainty": "exact",
        "year": 2013,
      },
      "externalRefs": [
        {
          "checkedAt": "2026-09-06",
          "language": "en",
          "purpose": "orientation",
          "system": "wikipedia",
          "url": "https://en.wikipedia.org/wiki/Politics_of_Tonga",
        },
      ],
      "formalRuleStatementIds": [
        "tonga-king-appoints-pm",
        "tonga-retained-royal-formal-powers",
        "tonga-cabinet-executive-design",
        "tonga-2013-assembly-composition",
      ],
      "id": "tonga-post-reform-monarchy-episode",
      "interactionStatementIds": [],
      "kind": "case-episode",
      "label": "Tongan reform evidence, 2010–2013",
      "locationIds": [
        "tonga",
      ],
      "outcomeStatementIds": [],
      "publicationStatus": "reviewed",
      "ruleInUseStatementIds": [
        "tonga-2010-government-formation",
      ],
      "scope": "The 2010 appointment and formal design in the constitutional consolidation through 2013; no claim about later operation.",
      "startDate": {
        "certainty": "exact",
        "year": 2010,
      },
    },
    {
      "description": "The English constitutional record has a mediated history",
      "id": "tonga-record-mediation-boundary",
      "kind": "statement",
      "label": "The English constitutional record has a mediated history",
      "publicationStatus": "reviewed",
      "statementKind": "editorial-interpretation",
      "text": "The consulted English consolidation does not identify its translator or textual provenance, so its English institutional labels should not be assumed to exhaust Tongan meanings without comparison to versioned Tongan texts.",
    },
    {
      "description": "Tonga retains royal constitutional functions",
      "id": "tonga-retained-royal-formal-powers",
      "kind": "statement",
      "label": "Tonga retains royal constitutional functions",
      "publicationStatus": "reviewed",
      "statementKind": "observation",
      "text": "Clause 50 of Tonga's Constitution establishes a Privy Council to advise the King and provides for its members to be appointed by the King.",
    },
  ],
  "guide": {
    "description": "Monarchy organizes government around a continuing monarchic office, but succession, legal authority, actual power, sacred status, and democratic accountability vary independently.",
    "id": "guide-monarchy",
    "label": "Monarchy",
    "primarySubject": {
      "id": "monarchy",
      "kind": "concept",
    },
    "publicationStatus": "reviewed",
    "reviewedAt": "2026-09-06",
    "searchQueries": [
      {
        "query": "monarchy",
      },
      {
        "query": "what is monarchy",
      },
      {
        "query": "constitutional monarchy",
      },
      {
        "query": "king or emperor",
      },
    ],
    "sections": [
      {
        "heading": "What is monarchy?",
        "id": "short-answer",
        "narrativeRefs": [
          {
            "dossierId": "monarchy-dossier",
          },
        ],
        "role": "short-answer",
      },
      {
        "heading": "Which meanings should remain separate?",
        "id": "meanings-and-boundaries",
        "narrativeRefs": [
          {
            "dossierId": "monarchy-dossier",
            "sectionId": "meanings",
          },
        ],
        "role": "meanings-and-boundaries",
      },
      {
        "entityRefs": [
          {
            "id": "monarchic-succession",
            "kind": "concept",
          },
        ],
        "heading": "Who succeeds, acts, and answers?",
        "id": "institutions-and-mechanisms",
        "narrativeRefs": [
          {
            "dossierId": "monarchy-dossier",
            "sectionId": "institutions",
          },
        ],
        "role": "institutions-and-mechanisms",
      },
      {
        "entityRefs": [
          {
            "id": "japan-symbolic-emperorship-1947-2004",
            "kind": "case",
          },
          {
            "id": "tonga-constitutional-settlement-2010-2013",
            "kind": "case",
          },
          {
            "id": "saudi-basic-law-monarchy-1992-2022",
            "kind": "case",
          },
        ],
        "heading": "How do three bounded records differ?",
        "id": "bounded-practice",
        "narrativeRefs": [
          {
            "dossierId": "monarchy-dossier",
            "sectionId": "japan",
          },
          {
            "dossierId": "monarchy-dossier",
            "sectionId": "tonga",
          },
          {
            "dossierId": "monarchy-dossier",
            "sectionId": "saudi-arabia",
          },
        ],
        "role": "bounded-practice",
      },
      {
        "heading": "Where can formal design mislead?",
        "id": "variants-and-disputes",
        "researchObligationIds": [
          "monarchy-formal-power-rules-in-use",
          "monarchy-personal-influence-reserve-power",
        ],
        "role": "variants-and-disputes",
        "statementIds": [
          "monarchy-formal-practice-boundary",
          "monarchy-democracy-boundary",
          "monarchy-authoritarian-boundary",
          "monarchy-theocracy-boundary",
          "three-cases-nonrepresentative",
        ],
      },
      {
        "entityRefs": [
          {
            "id": "republic",
            "kind": "concept",
          },
          {
            "id": "democracy",
            "kind": "concept",
          },
          {
            "id": "authoritarianism",
            "kind": "concept",
          },
          {
            "id": "theocracy",
            "kind": "concept",
          },
          {
            "id": "executive-authority",
            "kind": "concept",
          },
          {
            "id": "legislative-accountability",
            "kind": "concept",
          },
        ],
        "heading": "What should monarchy be compared with?",
        "id": "comparisons-and-next-steps",
        "narrativeRefs": [
          {
            "dossierId": "monarchy-dossier",
            "sectionId": "boundaries",
          },
        ],
        "relationshipIds": [
          "monarchy-related-to-republic",
          "monarchy-related-to-democracy",
          "monarchy-related-to-authoritarianism",
          "monarchy-related-to-theocracy",
          "monarchy-related-to-executive-authority",
          "monarchy-related-to-legislative-accountability",
        ],
        "role": "comparisons-and-next-steps",
      },
      {
        "heading": "What evidence remains open?",
        "id": "open-questions",
        "researchObligationIds": [
          "monarchy-formal-power-rules-in-use",
          "monarchy-personal-influence-reserve-power",
          "monarchy-gendered-succession-membership",
          "tonga-colonial-missionary-mediation",
        ],
        "role": "open-questions",
      },
    ],
    "slug": "monarchy",
  },
  "relationships": [
    {
      "id": "constitutional-parliamentary-monarchy-interprets-monarchy",
      "interpretation": "A deliberately bounded constitutional-parliamentary configuration within the wider and more varied concept of monarchy.",
      "object": {
        "id": "monarchy",
        "kind": "concept",
      },
      "predicate": "interprets-concept",
      "role": "core",
      "statementIds": [
        "monarchy-head-roles-boundary",
        "monarchy-reserve-delegated-boundary",
      ],
      "status": "qualified",
      "subject": {
        "id": "constitutional-parliamentary-monarchy",
        "kind": "approach",
      },
    },
    {
      "id": "executive-dynastic-monarchy-interprets-monarchy",
      "interpretation": "Herb's attributed analytical configuration within monarchy, not a synonym for absolute monarchy or every dynasty.",
      "object": {
        "id": "monarchy",
        "kind": "concept",
      },
      "predicate": "interprets-concept",
      "role": "core",
      "statementIds": [
        "saudi-dynastic-rules-in-use",
      ],
      "status": "qualified",
      "subject": {
        "id": "executive-dynastic-monarchy",
        "kind": "approach",
      },
    },
    {
      "id": "japan-constitution-commencement-cites-japan-commencement",
      "locator": "law date 3 November 1946 and article 100, six-month commencement rule",
      "object": {
        "id": "japan-constitution-moj-source",
        "kind": "source",
      },
      "predicate": "cites",
      "role": "supports",
      "subject": {
        "id": "japan-constitution-commencement",
        "kind": "statement",
      },
    },
    {
      "id": "japan-emperor-cabinet-advice-cites-japan-cabinet",
      "locator": "article 3",
      "object": {
        "id": "japan-constitution-moj-source",
        "kind": "source",
      },
      "predicate": "cites",
      "role": "supports",
      "subject": {
        "id": "japan-emperor-cabinet-advice",
        "kind": "statement",
      },
    },
    {
      "id": "japan-emperor-enumerated-acts-cites-japan-acts",
      "locator": "articles 6–7",
      "object": {
        "id": "japan-constitution-moj-source",
        "kind": "source",
      },
      "predicate": "cites",
      "role": "supports",
      "subject": {
        "id": "japan-emperor-enumerated-acts",
        "kind": "statement",
      },
    },
    {
      "id": "japan-emperor-no-government-powers-cites-japan-no-power",
      "locator": "article 4",
      "object": {
        "id": "japan-constitution-moj-source",
        "kind": "source",
      },
      "predicate": "cites",
      "role": "supports",
      "subject": {
        "id": "japan-emperor-no-government-powers",
        "kind": "statement",
      },
    },
    {
      "id": "japan-emperor-symbol-rule-cites-japan-symbol",
      "locator": "article 1; Japanese text and government reference translation; site disclaimer",
      "object": {
        "id": "japan-constitution-moj-source",
        "kind": "source",
      },
      "predicate": "cites",
      "role": "supports",
      "subject": {
        "id": "japan-emperor-symbol-rule",
        "kind": "statement",
      },
    },
    {
      "id": "japan-practice-influence-question-cites-japan-study",
      "locator": "‘Main points of Prof. YOKOTA’s statement,’ sections 1–5, especially sections 3–5",
      "object": {
        "id": "shugiin-emperor-study-source",
        "kind": "source",
      },
      "predicate": "cites",
      "role": "supports",
      "subject": {
        "id": "japan-practice-influence-question",
        "kind": "statement",
      },
    },
    {
      "id": "japan-succession-male-line-cites-japan-succession",
      "locator": "article 1, Japanese source text on e-Gov",
      "object": {
        "id": "japan-imperial-house-law-source",
        "kind": "source",
      },
      "predicate": "cites",
      "role": "supports",
      "subject": {
        "id": "japan-succession-male-line",
        "kind": "statement",
      },
    },
    {
      "id": "monarchy-authoritarian-boundary-cites-authoritarian",
      "locator": "pp. 3–6, limited scope to parliamentary constitutional monarchy",
      "object": {
        "id": "idea-constitutional-monarchs-source",
        "kind": "source",
      },
      "predicate": "cites",
      "role": "qualifies",
      "subject": {
        "id": "monarchy-authoritarian-boundary",
        "kind": "statement",
      },
    },
    {
      "id": "monarchy-colonial-rule-boundary-cites-colonial-boundary",
      "locator": "opening definition and section 1, paragraphs 1–3",
      "object": {
        "id": "sep-colonialism-monarchy-boundaries-source",
        "kind": "source",
      },
      "predicate": "cites",
      "role": "supports",
      "subject": {
        "id": "monarchy-colonial-rule-boundary",
        "kind": "statement",
      },
    },
    {
      "id": "monarchy-colonial-rule-boundary-cites-colonial-boundary-monarchy-office",
      "locator": "pp. 3–6, monarch as head of state in the primer's bounded parliamentary context",
      "object": {
        "id": "idea-constitutional-monarchs-source",
        "kind": "source",
      },
      "predicate": "cites",
      "role": "qualifies",
      "subject": {
        "id": "monarchy-colonial-rule-boundary",
        "kind": "statement",
      },
    },
    {
      "id": "monarchy-democracy-boundary-cites-democracy",
      "locator": "pp. 3–6, monarchy within parliamentary democracies",
      "object": {
        "id": "idea-constitutional-monarchs-source",
        "kind": "source",
      },
      "predicate": "cites",
      "role": "supports",
      "subject": {
        "id": "monarchy-democracy-boundary",
        "kind": "statement",
      },
    },
    {
      "id": "monarchy-empire-boundary-cites-empire-boundary",
      "locator": "section 1, paragraphs 4–7, imperialism and control over dependent territory",
      "object": {
        "id": "sep-colonialism-monarchy-boundaries-source",
        "kind": "source",
      },
      "predicate": "cites",
      "role": "supports",
      "subject": {
        "id": "monarchy-empire-boundary",
        "kind": "statement",
      },
    },
    {
      "id": "monarchy-empire-boundary-cites-empire-boundary-monarchy-office",
      "locator": "pp. 3–6, monarch as head of state in the primer's bounded parliamentary context",
      "object": {
        "id": "idea-constitutional-monarchs-source",
        "kind": "source",
      },
      "predicate": "cites",
      "role": "qualifies",
      "subject": {
        "id": "monarchy-empire-boundary",
        "kind": "statement",
      },
    },
    {
      "id": "monarchy-formal-practice-boundary-cites-formal-practice",
      "locator": "pp. 7–13, discretion, advice, and constitutional conventions",
      "object": {
        "id": "idea-constitutional-monarchs-source",
        "kind": "source",
      },
      "predicate": "cites",
      "role": "supports",
      "subject": {
        "id": "monarchy-formal-practice-boundary",
        "kind": "statement",
      },
    },
    {
      "id": "monarchy-head-roles-boundary-cites-head-roles",
      "locator": "pp. 3–8, head of state and parliamentary government",
      "object": {
        "id": "idea-constitutional-monarchs-source",
        "kind": "source",
      },
      "predicate": "cites",
      "role": "supports",
      "subject": {
        "id": "monarchy-head-roles-boundary",
        "kind": "statement",
      },
    },
    {
      "id": "monarchy-heredity-boundary-cites-heredity",
      "locator": "p. 12, ‘Alternative forms of succession’",
      "object": {
        "id": "idea-constitutional-monarchs-source",
        "kind": "source",
      },
      "predicate": "cites",
      "role": "supports",
      "subject": {
        "id": "monarchy-heredity-boundary",
        "kind": "statement",
      },
    },
    {
      "id": "monarchy-nobility-boundary-cites-nobility-boundary",
      "locator": "sense 1, ‘the nobility’",
      "object": {
        "id": "oxford-nobility-definition-source",
        "kind": "source",
      },
      "predicate": "cites",
      "role": "supports",
      "subject": {
        "id": "monarchy-nobility-boundary",
        "kind": "statement",
      },
    },
    {
      "id": "monarchy-nobility-boundary-cites-nobility-boundary-monarchy-office",
      "locator": "pp. 3–6, monarch as head of state in the primer's bounded parliamentary context",
      "object": {
        "id": "idea-constitutional-monarchs-source",
        "kind": "source",
      },
      "predicate": "cites",
      "role": "qualifies",
      "subject": {
        "id": "monarchy-nobility-boundary",
        "kind": "statement",
      },
    },
    {
      "id": "monarchy-office-form-definition-cites-office",
      "locator": "pp. 3–6, ‘Introduction’ and ‘The role of a constitutional monarch’",
      "object": {
        "id": "idea-constitutional-monarchs-source",
        "kind": "source",
      },
      "predicate": "cites",
      "role": "qualifies",
      "subject": {
        "id": "monarchy-office-form-definition",
        "kind": "statement",
      },
    },
    {
      "id": "monarchy-related-to-authoritarianism",
      "object": {
        "id": "authoritarianism",
        "kind": "concept",
      },
      "predicate": "related-to",
      "scope": {
        "note": "A comparison link only; neither concept inherits the other's claims, classifications, institutions, or evaluations.",
      },
      "statementIds": [
        "monarchy-authoritarian-boundary",
      ],
      "status": "qualified",
      "subject": {
        "id": "monarchy",
        "kind": "concept",
      },
    },
    {
      "id": "monarchy-related-to-democracy",
      "object": {
        "id": "democracy",
        "kind": "concept",
      },
      "predicate": "related-to",
      "scope": {
        "note": "A comparison link only; neither concept inherits the other's claims, classifications, institutions, or evaluations.",
      },
      "statementIds": [
        "monarchy-democracy-boundary",
      ],
      "status": "qualified",
      "subject": {
        "id": "monarchy",
        "kind": "concept",
      },
    },
    {
      "id": "monarchy-related-to-executive-authority",
      "object": {
        "id": "executive-authority",
        "kind": "concept",
      },
      "predicate": "related-to",
      "scope": {
        "note": "A comparison link only; neither concept inherits the other's claims, classifications, institutions, or evaluations.",
      },
      "statementIds": [
        "monarchy-formal-practice-boundary",
        "saudi-basic-law-king-prime-minister-clause",
        "saudi-2022-crown-prince-prime-minister",
      ],
      "status": "qualified",
      "subject": {
        "id": "monarchy",
        "kind": "concept",
      },
    },
    {
      "id": "monarchy-related-to-legislative-accountability",
      "object": {
        "id": "legislative-accountability",
        "kind": "concept",
      },
      "predicate": "related-to",
      "scope": {
        "note": "A comparison link only; neither concept inherits the other's claims, classifications, institutions, or evaluations.",
      },
      "statementIds": [
        "monarchy-head-roles-boundary",
        "tonga-2010-government-formation",
      ],
      "status": "qualified",
      "subject": {
        "id": "monarchy",
        "kind": "concept",
      },
    },
    {
      "id": "monarchy-related-to-republic",
      "object": {
        "id": "republic",
        "kind": "concept",
      },
      "predicate": "related-to",
      "scope": {
        "note": "A comparison link only; neither concept inherits the other's claims, classifications, institutions, or evaluations.",
      },
      "statementIds": [
        "monarchy-republic-boundary",
      ],
      "status": "qualified",
      "subject": {
        "id": "monarchy",
        "kind": "concept",
      },
    },
    {
      "id": "monarchy-related-to-succession",
      "object": {
        "id": "monarchic-succession",
        "kind": "concept",
      },
      "predicate": "related-to",
      "scope": {
        "note": "A comparison link only; neither concept inherits the other's claims, classifications, institutions, or evaluations.",
      },
      "statementIds": [
        "monarchy-succession-varies",
      ],
      "status": "qualified",
      "subject": {
        "id": "monarchy",
        "kind": "concept",
      },
    },
    {
      "id": "monarchy-related-to-theocracy",
      "object": {
        "id": "theocracy",
        "kind": "concept",
      },
      "predicate": "related-to",
      "scope": {
        "note": "A comparison link only; neither concept inherits the other's claims, classifications, institutions, or evaluations.",
      },
      "statementIds": [
        "monarchy-theocracy-boundary",
        "saudi-theocracy-classification-boundary",
      ],
      "status": "qualified",
      "subject": {
        "id": "monarchy",
        "kind": "concept",
      },
    },
    {
      "id": "monarchy-republic-boundary-cites-empire",
      "locator": "p. 10, ‘Republic or monarchy?’",
      "object": {
        "id": "idea-constitutional-monarchs-source",
        "kind": "source",
      },
      "predicate": "cites",
      "role": "supports",
      "subject": {
        "id": "monarchy-republic-boundary",
        "kind": "statement",
      },
    },
    {
      "id": "monarchy-reserve-delegated-boundary-cites-reserve",
      "locator": "pp. 7–13, advice and discretionary powers",
      "object": {
        "id": "idea-constitutional-monarchs-source",
        "kind": "source",
      },
      "predicate": "cites",
      "role": "supports",
      "subject": {
        "id": "monarchy-reserve-delegated-boundary",
        "kind": "statement",
      },
    },
    {
      "id": "monarchy-succession-varies-cites-succession",
      "locator": "p. 12, ‘Alternative forms of succession’",
      "object": {
        "id": "idea-constitutional-monarchs-source",
        "kind": "source",
      },
      "predicate": "cites",
      "role": "supports",
      "subject": {
        "id": "monarchy-succession-varies",
        "kind": "statement",
      },
    },
    {
      "id": "monarchy-theocracy-boundary-cites-sacred",
      "locator": "articles 1 and 7",
      "object": {
        "id": "saudi-basic-law-source",
        "kind": "source",
      },
      "predicate": "cites",
      "role": "context",
      "subject": {
        "id": "monarchy-theocracy-boundary",
        "kind": "statement",
      },
    },
    {
      "id": "saudi-2022-crown-prince-prime-minister-cites-saudi-current-pm",
      "locator": "first royal order, paragraphs 1–2, 27 September 2022",
      "object": {
        "id": "spa-2022-prime-minister-order-source",
        "kind": "source",
      },
      "predicate": "cites",
      "role": "supports",
      "subject": {
        "id": "saudi-2022-crown-prince-prime-minister",
        "kind": "statement",
      },
    },
    {
      "id": "saudi-basic-law-king-prime-minister-clause-cites-saudi-formal-executive",
      "locator": "articles 55–56",
      "object": {
        "id": "saudi-basic-law-source",
        "kind": "source",
      },
      "predicate": "cites",
      "role": "supports",
      "subject": {
        "id": "saudi-basic-law-king-prime-minister-clause",
        "kind": "statement",
      },
    },
    {
      "id": "saudi-crown-prince-designation-cites-saudi-crown-prince",
      "locator": "article 5(c)",
      "object": {
        "id": "saudi-basic-law-source",
        "kind": "source",
      },
      "predicate": "cites",
      "role": "supports",
      "subject": {
        "id": "saudi-crown-prince-designation",
        "kind": "statement",
      },
    },
    {
      "id": "saudi-dynastic-rules-in-use-cites-saudi-dynasty",
      "locator": "chapter 1, printed p. 8 (PDF p. 10), definition of dynastic monarchy",
      "object": {
        "id": "herb-all-in-family-source",
        "kind": "source",
      },
      "predicate": "cites",
      "role": "supports",
      "subject": {
        "id": "saudi-dynastic-rules-in-use",
        "kind": "statement",
      },
    },
    {
      "id": "saudi-episode-partially-instantiated-executive-dynastic-monarchy",
      "object": {
        "id": "executive-dynastic-monarchy",
        "kind": "approach",
      },
      "predicate": "partially-instantiated",
      "statementIds": [
        "saudi-ruling-family-institution-herb",
      ],
      "status": "qualified",
      "subject": {
        "id": "saudi-basic-law-monarchy-episode",
        "kind": "case-episode",
      },
    },
    {
      "id": "saudi-monarchy-basic-law-cites-saudi-form",
      "locator": "article 5(a), consulted English consolidation",
      "object": {
        "id": "saudi-basic-law-source",
        "kind": "source",
      },
      "predicate": "cites",
      "role": "supports",
      "subject": {
        "id": "saudi-monarchy-basic-law",
        "kind": "statement",
      },
    },
    {
      "id": "saudi-religious-law-rule-cites-saudi-law",
      "locator": "articles 1 and 7",
      "object": {
        "id": "saudi-basic-law-source",
        "kind": "source",
      },
      "predicate": "cites",
      "role": "supports",
      "subject": {
        "id": "saudi-religious-law-rule",
        "kind": "statement",
      },
    },
    {
      "id": "saudi-ruling-family-institution-herb-cites-saudi-family-institution",
      "locator": "chapter 1, printed p. 8 (PDF p. 10), Saudi Arabia placement and family participation contrast",
      "object": {
        "id": "herb-all-in-family-source",
        "kind": "source",
      },
      "predicate": "cites",
      "role": "supports",
      "subject": {
        "id": "saudi-ruling-family-institution-herb",
        "kind": "statement",
      },
    },
    {
      "id": "saudi-succession-designation-cites-saudi-succession",
      "locator": "article 5(b)",
      "object": {
        "id": "saudi-basic-law-source",
        "kind": "source",
      },
      "predicate": "cites",
      "role": "supports",
      "subject": {
        "id": "saudi-succession-designation",
        "kind": "statement",
      },
    },
    {
      "id": "saudi-theocracy-classification-boundary-cites-saudi-theocracy",
      "locator": "printed pp. 208–209, ‘Islam’ and religious-legal institutions",
      "object": {
        "id": "loc-saudi-country-study-source",
        "kind": "source",
      },
      "predicate": "cites",
      "role": "qualifies",
      "subject": {
        "id": "saudi-theocracy-classification-boundary",
        "kind": "statement",
      },
    },
    {
      "id": "saudi-theocracy-classification-boundary-cites-saudi-theocracy-basic-law",
      "locator": "articles 1 and 7, stated religious sources of authority",
      "object": {
        "id": "saudi-basic-law-source",
        "kind": "source",
      },
      "predicate": "cites",
      "role": "context",
      "subject": {
        "id": "saudi-theocracy-classification-boundary",
        "kind": "statement",
      },
    },
    {
      "id": "three-cases-nonrepresentative-cites-cases-boundary",
      "locator": "pp. 3–13, bounded constitutional-monarchy typology",
      "object": {
        "id": "idea-constitutional-monarchs-source",
        "kind": "source",
      },
      "predicate": "cites",
      "role": "qualifies",
      "subject": {
        "id": "three-cases-nonrepresentative",
        "kind": "statement",
      },
    },
    {
      "id": "tonga-2010-government-formation-cites-tonga-accountability",
      "locator": "media release dated 24 December 2010, first page, paragraphs 2–3",
      "object": {
        "id": "tonga-crown-law-prime-minister-2010-source",
        "kind": "source",
      },
      "predicate": "cites",
      "role": "supports",
      "subject": {
        "id": "tonga-2010-government-formation",
        "kind": "statement",
      },
    },
    {
      "id": "tonga-2013-assembly-composition-cites-tonga-seats",
      "locator": "clauses 59–60, composition and representative members",
      "object": {
        "id": "tonga-constitution-constitute-source",
        "kind": "source",
      },
      "predicate": "cites",
      "role": "supports",
      "subject": {
        "id": "tonga-2013-assembly-composition",
        "kind": "statement",
      },
    },
    {
      "id": "tonga-cabinet-executive-design-cites-tonga-cabinet",
      "locator": "clauses 50A–51, Prime Minister and Cabinet",
      "object": {
        "id": "tonga-constitution-constitute-source",
        "kind": "source",
      },
      "predicate": "cites",
      "role": "supports",
      "subject": {
        "id": "tonga-cabinet-executive-design",
        "kind": "statement",
      },
    },
    {
      "id": "tonga-king-appoints-pm-cites-tonga-pm",
      "locator": "clause 50A, election and appointment of Prime Minister",
      "object": {
        "id": "tonga-constitution-constitute-source",
        "kind": "source",
      },
      "predicate": "cites",
      "role": "supports",
      "subject": {
        "id": "tonga-king-appoints-pm",
        "kind": "statement",
      },
    },
    {
      "id": "tonga-record-mediation-boundary-cites-tonga-history",
      "locator": "title page and document metadata; no translator or source-text provenance stated",
      "object": {
        "id": "tonga-constitution-constitute-source",
        "kind": "source",
      },
      "predicate": "cites",
      "role": "qualifies",
      "subject": {
        "id": "tonga-record-mediation-boundary",
        "kind": "statement",
      },
    },
    {
      "id": "tonga-retained-royal-formal-powers-cites-tonga-council",
      "locator": "clause 50, Privy Council",
      "object": {
        "id": "tonga-constitution-constitute-source",
        "kind": "source",
      },
      "predicate": "cites",
      "role": "supports",
      "subject": {
        "id": "tonga-retained-royal-formal-powers",
        "kind": "statement",
      },
    },
  ],
}
`;
